83.27.202.233 - - [03/Nov/2016:21:28:08 +0100] "GET / HTTP/1.1" 302 472 "-" "Mozilla/5.0 (X11; Ubuntu; Linux x86_64; rv:49.0) Gecko/20100101 Firefox/49.0"
83.27.202.233 - - [03/Nov/2016:21:28:08 +0100] "GET /user/security/login HTTP/1.1" 200 2070 "-" "Mozilla/5.0 (X11; Ubuntu; Linux x86_64; rv:49.0) Gecko/20100101 Firefox/49.0"
83.27.202.233 - - [03/Nov/2016:21:28:09 +0100] "GET /assets/14ab2009/authchoice.css HTTP/1.1" 200 671 "http://194.183.32.160/user/security/login" "Mozilla/5.0 (X11; Ubuntu; Linux x86_64; rv:49.0) Gecko/20100101 Firefox/49.0"
83.27.202.233 - - [03/Nov/2016:21:28:09 +0100] "GET /assets/ee7cc5b1/css/bootstrap.css HTTP/1.1" 200 21671 "http://194.183.32.160/user/security/login" "Mozilla/5.0 (X11; Ubuntu; Linux x86_64; rv:49.0) Gecko/20100101 Firefox/49.0"
83.27.202.233 - - [03/Nov/2016:21:28:09 +0100] "GET /css/site.css HTTP/1.1" 200 1056 "http://194.183.32.160/user/security/login" "Mozilla/5.0 (X11; Ubuntu; Linux x86_64; rv:49.0) Gecko/20100101 Firefox/49.0"
83.27.202.233 - - [03/Nov/2016:21:28:09 +0100] "GET /assets/c2774297/yii.js HTTP/1.1" 200 5311 "http://194.183.32.160/user/security/login" "Mozilla/5.0 (X11; Ubuntu; Linux x86_64; rv:49.0) Gecko/20100101 Firefox/49.0"
83.27.202.233 - - [03/Nov/2016:21:28:09 +0100] "GET /assets/c2774297/yii.activeForm.js HTTP/1.1" 200 6821 "http://194.183.32.160/user/security/login" "Mozilla/5.0 (X11; Ubuntu; Linux x86_64; rv:49.0) Gecko/20100101 Firefox/49.0"
83.27.202.233 - - [03/Nov/2016:21:28:09 +0100] "GET /assets/14ab2009/authchoice.js HTTP/1.1" 200 1161 "http://194.183.32.160/user/security/login" "Mozilla/5.0 (X11; Ubuntu; Linux x86_64; rv:49.0) Gecko/20100101 Firefox/49.0"
83.27.202.233 - - [03/Nov/2016:21:28:09 +0100] "GET /assets/ee7cc5b1/js/bootstrap.js HTTP/1.1" 200 14799 "http://194.183.32.160/user/security/login" "Mozilla/5.0 (X11; Ubuntu; Linux x86_64; rv:49.0) Gecko/20100101 Firefox/49.0"
83.27.202.233 - - [03/Nov/2016:21:28:09 +0100] "GET /assets/ce75c57a/jquery.js HTTP/1.1" 200 77050 "http://194.183.32.160/user/security/login" "Mozilla/5.0 (X11; Ubuntu; Linux x86_64; rv:49.0) Gecko/20100101 Firefox/49.0"
83.27.202.233 - - [03/Nov/2016:21:28:09 +0100] "GET /assets/ee7cc5b1/fonts/glyphicons-halflings-regular.woff2 HTTP/1.1" 200 18292 "http://194.183.32.160/assets/ee7cc5b1/css/bootstrap.css" "Mozilla/5.0 (X11; Ubuntu; Linux x86_64; rv:49.0) Gecko/20100101 Firefox/49.0"
89.68.68.200 - - [03/Nov/2016:21:28:11 +0100] "GET / HTTP/1.1" 302 477 "-" "Mozilla/5.0 (Windows NT 10.0; WOW64; rv:49.0) Gecko/20100101 Firefox/49.0"
89.68.68.200 - - [03/Nov/2016:21:28:12 +0100] "GET /user/security/login HTTP/1.1" 200 2071 "-" "Mozilla/5.0 (Windows NT 10.0; WOW64; rv:49.0) Gecko/20100101 Firefox/49.0"
89.68.68.200 - - [03/Nov/2016:21:28:12 +0100] "GET /assets/14ab2009/authchoice.css HTTP/1.1" 200 669 "http://myapriary.mirrim.eu/user/security/login" "Mozilla/5.0 (Windows NT 10.0; WOW64; rv:49.0) Gecko/20100101 Firefox/49.0"
89.68.68.200 - - [03/Nov/2016:21:28:12 +0100] "GET /assets/ee7cc5b1/css/bootstrap.css HTTP/1.1" 200 21669 "http://myapriary.mirrim.eu/user/security/login" "Mozilla/5.0 (Windows NT 10.0; WOW64; rv:49.0) Gecko/20100101 Firefox/49.0"
89.68.68.200 - - [03/Nov/2016:21:28:12 +0100] "GET /css/site.css HTTP/1.1" 200 1056 "http://myapriary.mirrim.eu/user/security/login" "Mozilla/5.0 (Windows NT 10.0; WOW64; rv:49.0) Gecko/20100101 Firefox/49.0"
89.68.68.200 - - [03/Nov/2016:21:28:12 +0100] "GET /assets/ee7cc5b1/js/bootstrap.js HTTP/1.1" 200 14797 "http://myapriary.mirrim.eu/user/security/login" "Mozilla/5.0 (Windows NT 10.0; WOW64; rv:49.0) Gecko/20100101 Firefox/49.0"
89.68.68.200 - - [03/Nov/2016:21:28:12 +0100] "GET /assets/ee7cc5b1/fonts/glyphicons-halflings-regular.woff2 HTTP/1.1" 200 18290 "http://myapriary.mirrim.eu/assets/ee7cc5b1/css/bootstrap.css" "Mozilla/5.0 (Windows NT 10.0; WOW64; rv:49.0) Gecko/20100101 Firefox/49.0"
89.68.68.200 - - [03/Nov/2016:21:28:12 +0100] "GET /assets/ce75c57a/jquery.js HTTP/1.1" 200 77048 "http://myapriary.mirrim.eu/user/security/login" "Mozilla/5.0 (Windows NT 10.0; WOW64; rv:49.0) Gecko/20100101 Firefox/49.0"
89.68.68.200 - - [03/Nov/2016:21:28:12 +0100] "GET /assets/14ab2009/authchoice.js HTTP/1.1" 200 1159 "http://myapriary.mirrim.eu/user/security/login" "Mozilla/5.0 (Windows NT 10.0; WOW64; rv:49.0) Gecko/20100101 Firefox/49.0"
89.68.68.200 - - [03/Nov/2016:21:28:13 +0100] "GET /assets/c2774297/yii.js HTTP/1.1" 200 5309 "http://myapriary.mirrim.eu/user/security/login" "Mozilla/5.0 (Windows NT 10.0; WOW64; rv:49.0) Gecko/20100101 Firefox/49.0"
83.27.202.233 - - [03/Nov/2016:21:28:13 +0100] "GET /admin HTTP/1.1" 302 481 "-" "Mozilla/5.0 (X11; Ubuntu; Linux x86_64; rv:49.0) Gecko/20100101 Firefox/49.0"
83.27.202.233 - - [03/Nov/2016:21:28:13 +0100] "GET /admin/user/security/login HTTP/1.1" 200 2055 "-" "Mozilla/5.0 (X11; Ubuntu; Linux x86_64; rv:49.0) Gecko/20100101 Firefox/49.0"
83.27.202.233 - - [03/Nov/2016:21:28:14 +0100] "GET /admin/assets/14ab2009/authchoice.css HTTP/1.1" 200 671 "http://194.183.32.160/admin/user/security/login" "Mozilla/5.0 (X11; Ubuntu; Linux x86_64; rv:49.0) Gecko/20100101 Firefox/49.0"
89.68.68.200 - - [03/Nov/2016:21:28:14 +0100] "GET /assets/c2774297/yii.activeForm.js HTTP/1.1" 200 6819 "http://myapriary.mirrim.eu/user/security/login" "Mozilla/5.0 (Windows NT 10.0; WOW64; rv:49.0) Gecko/20100101 Firefox/49.0"
83.27.202.233 - - [03/Nov/2016:21:28:14 +0100] "GET /admin/assets/c2774297/yii.activeForm.js HTTP/1.1" 200 6820 "http://194.183.32.160/admin/user/security/login" "Mozilla/5.0 (X11; Ubuntu; Linux x86_64; rv:49.0) Gecko/20100101 Firefox/49.0"
83.27.202.233 - - [03/Nov/2016:21:28:14 +0100] "GET /admin/assets/14ab2009/authchoice.js HTTP/1.1" 200 1161 "http://194.183.32.160/admin/user/security/login" "Mozilla/5.0 (X11; Ubuntu; Linux x86_64; rv:49.0) Gecko/20100101 Firefox/49.0"
83.27.202.233 - - [03/Nov/2016:21:28:14 +0100] "GET /admin/assets/ee7cc5b1/js/bootstrap.js HTTP/1.1" 200 14800 "http://194.183.32.160/admin/user/security/login" "Mozilla/5.0 (X11; Ubuntu; Linux x86_64; rv:49.0) Gecko/20100101 Firefox/49.0"
83.27.202.233 - - [03/Nov/2016:21:28:14 +0100] "GET /admin/css/site.css HTTP/1.1" 200 1071 "http://194.183.32.160/admin/user/security/login" "Mozilla/5.0 (X11; Ubuntu; Linux x86_64; rv:49.0) Gecko/20100101 Firefox/49.0"
83.27.202.233 - - [03/Nov/2016:21:28:14 +0100] "GET /admin/assets/c2774297/yii.js HTTP/1.1" 200 5310 "http://194.183.32.160/admin/user/security/login" "Mozilla/5.0 (X11; Ubuntu; Linux x86_64; rv:49.0) Gecko/20100101 Firefox/49.0"
83.27.202.233 - - [03/Nov/2016:21:28:14 +0100] "GET /admin/assets/ce75c57a/jquery.js HTTP/1.1" 200 77050 "http://194.183.32.160/admin/user/security/login" "Mozilla/5.0 (X11; Ubuntu; Linux x86_64; rv:49.0) Gecko/20100101 Firefox/49.0"
83.27.202.233 - - [03/Nov/2016:21:28:14 +0100] "GET /admin/assets/ee7cc5b1/css/bootstrap.css HTTP/1.1" 200 21672 "http://194.183.32.160/admin/user/security/login" "Mozilla/5.0 (X11; Ubuntu; Linux x86_64; rv:49.0) Gecko/20100101 Firefox/49.0"
83.27.202.233 - - [03/Nov/2016:21:28:15 +0100] "GET /admin/assets/ee7cc5b1/fonts/glyphicons-halflings-regular.woff2 HTTP/1.1" 200 18290 "http://194.183.32.160/admin/assets/ee7cc5b1/css/bootstrap.css" "Mozilla/5.0 (X11; Ubuntu; Linux x86_64; rv:49.0) Gecko/20100101 Firefox/49.0"
83.27.202.233 - - [03/Nov/2016:21:28:19 +0100] "GET / HTTP/1.1" 302 395 "-" "Mozilla/5.0 (X11; Ubuntu; Linux x86_64; rv:49.0) Gecko/20100101 Firefox/49.0"
127.0.0.1 - - [03/Nov/2016:21:28:19 +0100] "OPTIONS * HTTP/1.0" 200 126 "-" "Apache/2.4.10 (Debian) (internal dummy connection)"
83.27.202.233 - - [03/Nov/2016:21:28:19 +0100] "GET /user/security/login HTTP/1.1" 200 1847 "-" "Mozilla/5.0 (X11; Ubuntu; Linux x86_64; rv:49.0) Gecko/20100101 Firefox/49.0"
83.27.202.233 - - [03/Nov/2016:21:28:20 +0100] "GET /assets/ee7cc5b1/css/bootstrap.css HTTP/1.1" 200 21669 "http://194.183.32.160/user/security/login" "Mozilla/5.0 (X11; Ubuntu; Linux x86_64; rv:49.0) Gecko/20100101 Firefox/49.0"
83.27.202.233 - - [03/Nov/2016:21:28:20 +0100] "GET /assets/c2774297/yii.js HTTP/1.1" 200 5309 "http://194.183.32.160/user/security/login" "Mozilla/5.0 (X11; Ubuntu; Linux x86_64; rv:49.0) Gecko/20100101 Firefox/49.0"
83.27.202.233 - - [03/Nov/2016:21:28:20 +0100] "GET /assets/c2774297/yii.activeForm.js HTTP/1.1" 200 6819 "http://194.183.32.160/user/security/login" "Mozilla/5.0 (X11; Ubuntu; Linux x86_64; rv:49.0) Gecko/20100101 Firefox/49.0"
83.27.202.233 - - [03/Nov/2016:21:28:20 +0100] "GET /assets/14ab2009/authchoice.js HTTP/1.1" 200 1159 "http://194.183.32.160/user/security/login" "Mozilla/5.0 (X11; Ubuntu; Linux x86_64; rv:49.0) Gecko/20100101 Firefox/49.0"
83.27.202.233 - - [03/Nov/2016:21:28:20 +0100] "GET /assets/ee7cc5b1/js/bootstrap.js HTTP/1.1" 200 14798 "http://194.183.32.160/user/security/login" "Mozilla/5.0 (X11; Ubuntu; Linux x86_64; rv:49.0) Gecko/20100101 Firefox/49.0"
83.27.202.233 - - [03/Nov/2016:21:28:20 +0100] "GET /assets/14ab2009/authchoice.css HTTP/1.1" 200 669 "http://194.183.32.160/user/security/login" "Mozilla/5.0 (X11; Ubuntu; Linux x86_64; rv:49.0) Gecko/20100101 Firefox/49.0"
83.27.202.233 - - [03/Nov/2016:21:28:20 +0100] "GET /assets/ce75c57a/jquery.js HTTP/1.1" 200 77048 "http://194.183.32.160/user/security/login" "Mozilla/5.0 (X11; Ubuntu; Linux x86_64; rv:49.0) Gecko/20100101 Firefox/49.0"
89.68.68.200 - - [03/Nov/2016:21:28:20 +0100] "GET /admin HTTP/1.1" 302 487 "-" "Mozilla/5.0 (Windows NT 10.0; WOW64; rv:49.0) Gecko/20100101 Firefox/49.0"
89.68.68.200 - - [03/Nov/2016:21:28:20 +0100] "GET /admin/user/security/login HTTP/1.1" 200 2055 "-" "Mozilla/5.0 (Windows NT 10.0; WOW64; rv:49.0) Gecko/20100101 Firefox/49.0"
89.68.68.200 - - [03/Nov/2016:21:28:21 +0100] "GET /admin/assets/14ab2009/authchoice.css HTTP/1.1" 200 669 "http://myapriary.mirrim.eu/admin/user/security/login" "Mozilla/5.0 (Windows NT 10.0; WOW64; rv:49.0) Gecko/20100101 Firefox/49.0"
89.68.68.200 - - [03/Nov/2016:21:28:21 +0100] "GET /admin/css/site.css HTTP/1.1" 200 1071 "http://myapriary.mirrim.eu/admin/user/security/login" "Mozilla/5.0 (Windows NT 10.0; WOW64; rv:49.0) Gecko/20100101 Firefox/49.0"
89.68.68.200 - - [03/Nov/2016:21:28:21 +0100] "GET /admin/assets/c2774297/yii.js HTTP/1.1" 200 5309 "http://myapriary.mirrim.eu/admin/user/security/login" "Mozilla/5.0 (Windows NT 10.0; WOW64; rv:49.0) Gecko/20100101 Firefox/49.0"
89.68.68.200 - - [03/Nov/2016:21:28:21 +0100] "GET /admin/assets/14ab2009/authchoice.js HTTP/1.1" 200 1159 "http://myapriary.mirrim.eu/admin/user/security/login" "Mozilla/5.0 (Windows NT 10.0; WOW64; rv:49.0) Gecko/20100101 Firefox/49.0"
89.68.68.200 - - [03/Nov/2016:21:28:21 +0100] "GET /admin/assets/c2774297/yii.activeForm.js HTTP/1.1" 200 6819 "http://myapriary.mirrim.eu/admin/user/security/login" "Mozilla/5.0 (Windows NT 10.0; WOW64; rv:49.0) Gecko/20100101 Firefox/49.0"
89.68.68.200 - - [03/Nov/2016:21:28:21 +0100] "GET /admin/assets/ee7cc5b1/css/bootstrap.css HTTP/1.1" 200 21670 "http://myapriary.mirrim.eu/admin/user/security/login" "Mozilla/5.0 (Windows NT 10.0; WOW64; rv:49.0) Gecko/20100101 Firefox/49.0"
89.68.68.200 - - [03/Nov/2016:21:28:21 +0100] "GET /admin/assets/ee7cc5b1/js/bootstrap.js HTTP/1.1" 200 14797 "http://myapriary.mirrim.eu/admin/user/security/login" "Mozilla/5.0 (Windows NT 10.0; WOW64; rv:49.0) Gecko/20100101 Firefox/49.0"
89.68.68.200 - - [03/Nov/2016:21:28:21 +0100] "GET /admin/assets/ce75c57a/jquery.js HTTP/1.1" 200 77047 "http://myapriary.mirrim.eu/admin/user/security/login" "Mozilla/5.0 (Windows NT 10.0; WOW64; rv:49.0) Gecko/20100101 Firefox/49.0"
89.68.68.200 - - [03/Nov/2016:21:28:21 +0100] "GET /admin/assets/ee7cc5b1/fonts/glyphicons-halflings-regular.woff2 HTTP/1.1" 200 18290 "http://myapriary.mirrim.eu/admin/assets/ee7cc5b1/css/bootstrap.css" "Mozilla/5.0 (Windows NT 10.0; WOW64; rv:49.0) Gecko/20100101 Firefox/49.0"
127.0.0.1 - - [03/Nov/2016:21:28:25 +0100] "OPTIONS * HTTP/1.0" 200 126 "-" "Apache/2.4.10 (Debian) (internal dummy connection)"
127.0.0.1 - - [03/Nov/2016:21:28:26 +0100] "OPTIONS * HTTP/1.0" 200 126 "-" "Apache/2.4.10 (Debian) (internal dummy connection)"
127.0.0.1 - - [03/Nov/2016:21:28:27 +0100] "OPTIONS * HTTP/1.0" 200 126 "-" "Apache/2.4.10 (Debian) (internal dummy connection)"
127.0.0.1 - - [03/Nov/2016:21:28:28 +0100] "OPTIONS * HTTP/1.0" 200 126 "-" "Apache/2.4.10 (Debian) (internal dummy connection)"
127.0.0.1 - - [03/Nov/2016:21:28:29 +0100] "OPTIONS * HTTP/1.0" 200 126 "-" "Apache/2.4.10 (Debian) (internal dummy connection)"
127.0.0.1 - - [03/Nov/2016:21:28:30 +0100] "OPTIONS * HTTP/1.0" 200 126 "-" "Apache/2.4.10 (Debian) (internal dummy connection)"
127.0.0.1 - - [03/Nov/2016:21:28:31 +0100] "OPTIONS * HTTP/1.0" 200 126 "-" "Apache/2.4.10 (Debian) (internal dummy connection)"
89.68.68.200 - - [03/Nov/2016:21:28:51 +0100] "GET /user/security/login HTTP/1.1" 200 1847 "-" "Mozilla/5.0 (Windows NT 10.0; WOW64; rv:49.0) Gecko/20100101 Firefox/49.0"
83.27.202.233 - - [03/Nov/2016:21:28:53 +0100] "GET / HTTP/1.1" 302 401 "-" "Mozilla/5.0 (X11; Ubuntu; Linux x86_64; rv:49.0) Gecko/20100101 Firefox/49.0"
83.27.202.233 - - [03/Nov/2016:21:28:54 +0100] "GET /user/security/login HTTP/1.1" 200 1848 "-" "Mozilla/5.0 (X11; Ubuntu; Linux x86_64; rv:49.0) Gecko/20100101 Firefox/49.0"
89.68.68.200 - - [03/Nov/2016:21:28:54 +0100] "GET / HTTP/1.1" 302 472 "-" "Mozilla/5.0 (Windows NT 10.0; WOW64; rv:49.0) Gecko/20100101 Firefox/49.0"
89.68.68.200 - - [03/Nov/2016:21:28:54 +0100] "GET /user/security/login HTTP/1.1" 200 2069 "-" "Mozilla/5.0 (Windows NT 10.0; WOW64; rv:49.0) Gecko/20100101 Firefox/49.0"
83.27.202.233 - - [03/Nov/2016:21:28:54 +0100] "GET /assets/14ab2009/authchoice.css HTTP/1.1" 200 669 "http://myapriary.dersen.pl/user/security/login" "Mozilla/5.0 (X11; Ubuntu; Linux x86_64; rv:49.0) Gecko/20100101 Firefox/49.0"
89.68.68.200 - - [03/Nov/2016:21:28:54 +0100] "GET /assets/14ab2009/authchoice.css HTTP/1.1" 200 669 "http://194.183.32.160/user/security/login" "Mozilla/5.0 (Windows NT 10.0; WOW64; rv:49.0) Gecko/20100101 Firefox/49.0"
83.27.202.233 - - [03/Nov/2016:21:28:54 +0100] "GET /assets/ee7cc5b1/css/bootstrap.css HTTP/1.1" 200 21669 "http://myapriary.dersen.pl/user/security/login" "Mozilla/5.0 (X11; Ubuntu; Linux x86_64; rv:49.0) Gecko/20100101 Firefox/49.0"
89.68.68.200 - - [03/Nov/2016:21:28:54 +0100] "GET /css/site.css HTTP/1.1" 200 1056 "http://194.183.32.160/user/security/login" "Mozilla/5.0 (Windows NT 10.0; WOW64; rv:49.0) Gecko/20100101 Firefox/49.0"
83.27.202.233 - - [03/Nov/2016:21:28:54 +0100] "GET /assets/c2774297/yii.js HTTP/1.1" 200 5309 "http://myapriary.dersen.pl/user/security/login" "Mozilla/5.0 (X11; Ubuntu; Linux x86_64; rv:49.0) Gecko/20100101 Firefox/49.0"
89.68.68.200 - - [03/Nov/2016:21:28:54 +0100] "GET /assets/ee7cc5b1/css/bootstrap.css HTTP/1.1" 200 21669 "http://194.183.32.160/user/security/login" "Mozilla/5.0 (Windows NT 10.0; WOW64; rv:49.0) Gecko/20100101 Firefox/49.0"
89.68.68.200 - - [03/Nov/2016:21:28:54 +0100] "GET /assets/ee7cc5b1/js/bootstrap.js HTTP/1.1" 200 14797 "http://194.183.32.160/user/security/login" "Mozilla/5.0 (Windows NT 10.0; WOW64; rv:49.0) Gecko/20100101 Firefox/49.0"
83.27.202.233 - - [03/Nov/2016:21:28:54 +0100] "GET /css/site.css HTTP/1.1" 200 1055 "http://myapriary.dersen.pl/user/security/login" "Mozilla/5.0 (X11; Ubuntu; Linux x86_64; rv:49.0) Gecko/20100101 Firefox/49.0"
89.68.68.200 - - [03/Nov/2016:21:28:54 +0100] "GET /assets/ce75c57a/jquery.js HTTP/1.1" 200 77048 "http://194.183.32.160/user/security/login" "Mozilla/5.0 (Windows NT 10.0; WOW64; rv:49.0) Gecko/20100101 Firefox/49.0"
89.68.68.200 - - [03/Nov/2016:21:28:54 +0100] "GET /assets/ee7cc5b1/fonts/glyphicons-halflings-regular.woff2 HTTP/1.1" 200 18290 "http://194.183.32.160/assets/ee7cc5b1/css/bootstrap.css" "Mozilla/5.0 (Windows NT 10.0; WOW64; rv:49.0) Gecko/20100101 Firefox/49.0"
83.27.202.233 - - [03/Nov/2016:21:28:54 +0100] "GET /assets/ce75c57a/jquery.js HTTP/1.1" 200 77048 "http://myapriary.dersen.pl/user/security/login" "Mozilla/5.0 (X11; Ubuntu; Linux x86_64; rv:49.0) Gecko/20100101 Firefox/49.0"
83.27.202.233 - - [03/Nov/2016:21:28:54 +0100] "GET /assets/ee7cc5b1/fonts/glyphicons-halflings-regular.woff2 HTTP/1.1" 200 18290 "http://myapriary.dersen.pl/assets/ee7cc5b1/css/bootstrap.css" "Mozilla/5.0 (X11; Ubuntu; Linux x86_64; rv:49.0) Gecko/20100101 Firefox/49.0"
83.27.202.233 - - [03/Nov/2016:21:28:55 +0100] "GET /assets/c2774297/yii.activeForm.js HTTP/1.1" 200 6819 "http://myapriary.dersen.pl/user/security/login" "Mozilla/5.0 (X11; Ubuntu; Linux x86_64; rv:49.0) Gecko/20100101 Firefox/49.0"
89.68.68.200 - - [03/Nov/2016:21:28:56 +0100] "GET /assets/c2774297/yii.js HTTP/1.1" 200 5309 "http://194.183.32.160/user/security/login" "Mozilla/5.0 (Windows NT 10.0; WOW64; rv:49.0) Gecko/20100101 Firefox/49.0"
83.27.202.233 - - [03/Nov/2016:21:28:56 +0100] "GET /assets/14ab2009/authchoice.js HTTP/1.1" 200 1159 "http://myapriary.dersen.pl/user/security/login" "Mozilla/5.0 (X11; Ubuntu; Linux x86_64; rv:49.0) Gecko/20100101 Firefox/49.0"
83.27.202.233 - - [03/Nov/2016:21:28:57 +0100] "GET /assets/ee7cc5b1/js/bootstrap.js HTTP/1.1" 200 14798 "http://myapriary.dersen.pl/user/security/login" "Mozilla/5.0 (X11; Ubuntu; Linux x86_64; rv:49.0) Gecko/20100101 Firefox/49.0"
89.68.68.200 - - [03/Nov/2016:21:28:58 +0100] "GET /assets/c2774297/yii.activeForm.js HTTP/1.1" 200 6819 "http://194.183.32.160/user/security/login" "Mozilla/5.0 (Windows NT 10.0; WOW64; rv:49.0) Gecko/20100101 Firefox/49.0"
89.68.68.200 - - [03/Nov/2016:21:28:59 +0100] "GET /assets/14ab2009/authchoice.js HTTP/1.1" 200 1159 "http://194.183.32.160/user/security/login" "Mozilla/5.0 (Windows NT 10.0; WOW64; rv:49.0) Gecko/20100101 Firefox/49.0"
83.27.202.233 - - [03/Nov/2016:21:29:00 +0100] "GET / HTTP/1.1" 302 477 "-" "Mozilla/5.0 (X11; Ubuntu; Linux x86_64; rv:49.0) Gecko/20100101 Firefox/49.0"
83.27.202.233 - - [03/Nov/2016:21:29:00 +0100] "GET /user/security/login HTTP/1.1" 200 2069 "-" "Mozilla/5.0 (X11; Ubuntu; Linux x86_64; rv:49.0) Gecko/20100101 Firefox/49.0"
83.27.202.233 - - [03/Nov/2016:21:29:01 +0100] "GET /assets/14ab2009/authchoice.css HTTP/1.1" 200 669 "http://myapriary.mirrim.eu/user/security/login" "Mozilla/5.0 (X11; Ubuntu; Linux x86_64; rv:49.0) Gecko/20100101 Firefox/49.0"
83.27.202.233 - - [03/Nov/2016:21:29:01 +0100] "GET /css/site.css HTTP/1.1" 200 1056 "http://myapriary.mirrim.eu/user/security/login" "Mozilla/5.0 (X11; Ubuntu; Linux x86_64; rv:49.0) Gecko/20100101 Firefox/49.0"
83.27.202.233 - - [03/Nov/2016:21:29:01 +0100] "GET /assets/ee7cc5b1/css/bootstrap.css HTTP/1.1" 200 21669 "http://myapriary.mirrim.eu/user/security/login" "Mozilla/5.0 (X11; Ubuntu; Linux x86_64; rv:49.0) Gecko/20100101 Firefox/49.0"
83.27.202.233 - - [03/Nov/2016:21:29:01 +0100] "GET /assets/c2774297/yii.js HTTP/1.1" 200 5309 "http://myapriary.mirrim.eu/user/security/login" "Mozilla/5.0 (X11; Ubuntu; Linux x86_64; rv:49.0) Gecko/20100101 Firefox/49.0"
83.27.202.233 - - [03/Nov/2016:21:29:01 +0100] "GET /assets/c2774297/yii.activeForm.js HTTP/1.1" 200 6819 "http://myapriary.mirrim.eu/user/security/login" "Mozilla/5.0 (X11; Ubuntu; Linux x86_64; rv:49.0) Gecko/20100101 Firefox/49.0"
83.27.202.233 - - [03/Nov/2016:21:29:01 +0100] "GET /assets/14ab2009/authchoice.js HTTP/1.1" 200 1159 "http://myapriary.mirrim.eu/user/security/login" "Mozilla/5.0 (X11; Ubuntu; Linux x86_64; rv:49.0) Gecko/20100101 Firefox/49.0"
83.27.202.233 - - [03/Nov/2016:21:29:01 +0100] "GET /assets/ee7cc5b1/js/bootstrap.js HTTP/1.1" 200 14797 "http://myapriary.mirrim.eu/user/security/login" "Mozilla/5.0 (X11; Ubuntu; Linux x86_64; rv:49.0) Gecko/20100101 Firefox/49.0"
83.27.202.233 - - [03/Nov/2016:21:29:01 +0100] "GET /assets/ce75c57a/jquery.js HTTP/1.1" 200 77048 "http://myapriary.mirrim.eu/user/security/login" "Mozilla/5.0 (X11; Ubuntu; Linux x86_64; rv:49.0) Gecko/20100101 Firefox/49.0"
83.27.202.233 - - [03/Nov/2016:21:29:01 +0100] "GET /assets/ee7cc5b1/fonts/glyphicons-halflings-regular.woff2 HTTP/1.1" 200 18290 "http://myapriary.mirrim.eu/assets/ee7cc5b1/css/bootstrap.css" "Mozilla/5.0 (X11; Ubuntu; Linux x86_64; rv:49.0) Gecko/20100101 Firefox/49.0"
89.68.68.200 - - [03/Nov/2016:21:29:02 +0100] "GET / HTTP/1.1" 302 395 "-" "Mozilla/5.0 (Windows NT 10.0; WOW64; rv:49.0) Gecko/20100101 Firefox/49.0"
89.68.68.200 - - [03/Nov/2016:21:29:02 +0100] "GET /user/security/login HTTP/1.1" 200 1847 "-" "Mozilla/5.0 (Windows NT 10.0; WOW64; rv:49.0) Gecko/20100101 Firefox/49.0"
89.68.68.200 - - [03/Nov/2016:21:29:02 +0100] "GET /assets/14ab2009/authchoice.css HTTP/1.1" 200 669 "http://194.183.32.160/user/security/login" "Mozilla/5.0 (Windows NT 10.0; WOW64; rv:49.0) Gecko/20100101 Firefox/49.0"
89.68.68.200 - - [03/Nov/2016:21:29:02 +0100] "GET /assets/ee7cc5b1/css/bootstrap.css HTTP/1.1" 200 21669 "http://194.183.32.160/user/security/login" "Mozilla/5.0 (Windows NT 10.0; WOW64; rv:49.0) Gecko/20100101 Firefox/49.0"
89.68.68.200 - - [03/Nov/2016:21:29:02 +0100] "GET /assets/14ab2009/authchoice.js HTTP/1.1" 200 1159 "http://194.183.32.160/user/security/login" "Mozilla/5.0 (Windows NT 10.0; WOW64; rv:49.0) Gecko/20100101 Firefox/49.0"
89.68.68.200 - - [03/Nov/2016:21:29:02 +0100] "GET /assets/c2774297/yii.activeForm.js HTTP/1.1" 200 6819 "http://194.183.32.160/user/security/login" "Mozilla/5.0 (Windows NT 10.0; WOW64; rv:49.0) Gecko/20100101 Firefox/49.0"
89.68.68.200 - - [03/Nov/2016:21:29:02 +0100] "GET /assets/c2774297/yii.js HTTP/1.1" 200 5309 "http://194.183.32.160/user/security/login" "Mozilla/5.0 (Windows NT 10.0; WOW64; rv:49.0) Gecko/20100101 Firefox/49.0"
89.68.68.200 - - [03/Nov/2016:21:29:02 +0100] "GET /assets/ee7cc5b1/js/bootstrap.js HTTP/1.1" 200 14798 "http://194.183.32.160/user/security/login" "Mozilla/5.0 (Windows NT 10.0; WOW64; rv:49.0) Gecko/20100101 Firefox/49.0"
89.68.68.200 - - [03/Nov/2016:21:29:02 +0100] "GET /assets/ce75c57a/jquery.js HTTP/1.1" 200 77047 "http://194.183.32.160/user/security/login" "Mozilla/5.0 (Windows NT 10.0; WOW64; rv:49.0) Gecko/20100101 Firefox/49.0"
83.27.202.233 - - [03/Nov/2016:21:29:05 +0100] "GET /admin/ HTTP/1.1" 302 486 "-" "Mozilla/5.0 (X11; Ubuntu; Linux x86_64; rv:49.0) Gecko/20100101 Firefox/49.0"
83.27.202.233 - - [03/Nov/2016:21:29:05 +0100] "GET /admin/user/security/login HTTP/1.1" 200 2057 "-" "Mozilla/5.0 (X11; Ubuntu; Linux x86_64; rv:49.0) Gecko/20100101 Firefox/49.0"
83.27.202.233 - - [03/Nov/2016:21:29:05 +0100] "GET /admin/assets/14ab2009/authchoice.css HTTP/1.1" 200 669 "http://myapriary.mirrim.eu/admin/user/security/login" "Mozilla/5.0 (X11; Ubuntu; Linux x86_64; rv:49.0) Gecko/20100101 Firefox/49.0"
83.27.202.233 - - [03/Nov/2016:21:29:05 +0100] "GET /admin/assets/ee7cc5b1/css/bootstrap.css HTTP/1.1" 200 21669 "http://myapriary.mirrim.eu/admin/user/security/login" "Mozilla/5.0 (X11; Ubuntu; Linux x86_64; rv:49.0) Gecko/20100101 Firefox/49.0"
83.27.202.233 - - [03/Nov/2016:21:29:05 +0100] "GET /admin/css/site.css HTTP/1.1" 200 1070 "http://myapriary.mirrim.eu/admin/user/security/login" "Mozilla/5.0 (X11; Ubuntu; Linux x86_64; rv:49.0) Gecko/20100101 Firefox/49.0"
83.27.202.233 - - [03/Nov/2016:21:29:05 +0100] "GET /admin/assets/c2774297/yii.js HTTP/1.1" 200 5308 "http://myapriary.mirrim.eu/admin/user/security/login" "Mozilla/5.0 (X11; Ubuntu; Linux x86_64; rv:49.0) Gecko/20100101 Firefox/49.0"
83.27.202.233 - - [03/Nov/2016:21:29:05 +0100] "GET /admin/assets/c2774297/yii.activeForm.js HTTP/1.1" 200 6818 "http://myapriary.mirrim.eu/admin/user/security/login" "Mozilla/5.0 (X11; Ubuntu; Linux x86_64; rv:49.0) Gecko/20100101 Firefox/49.0"
83.27.202.233 - - [03/Nov/2016:21:29:05 +0100] "GET /admin/assets/14ab2009/authchoice.js HTTP/1.1" 200 1158 "http://myapriary.mirrim.eu/admin/user/security/login" "Mozilla/5.0 (X11; Ubuntu; Linux x86_64; rv:49.0) Gecko/20100101 Firefox/49.0"
83.27.202.233 - - [03/Nov/2016:21:29:05 +0100] "GET /admin/assets/ee7cc5b1/js/bootstrap.js HTTP/1.1" 200 14797 "http://myapriary.mirrim.eu/admin/user/security/login" "Mozilla/5.0 (X11; Ubuntu; Linux x86_64; rv:49.0) Gecko/20100101 Firefox/49.0"
83.27.202.233 - - [03/Nov/2016:21:29:05 +0100] "GET /admin/assets/ce75c57a/jquery.js HTTP/1.1" 200 77047 "http://myapriary.mirrim.eu/admin/user/security/login" "Mozilla/5.0 (X11; Ubuntu; Linux x86_64; rv:49.0) Gecko/20100101 Firefox/49.0"
83.27.202.233 - - [03/Nov/2016:21:29:05 +0100] "GET /admin/assets/ee7cc5b1/fonts/glyphicons-halflings-regular.woff2 HTTP/1.1" 200 18290 "http://myapriary.mirrim.eu/admin/assets/ee7cc5b1/css/bootstrap.css" "Mozilla/5.0 (X11; Ubuntu; Linux x86_64; rv:49.0) Gecko/20100101 Firefox/49.0"
127.0.0.1 - - [03/Nov/2016:21:29:08 +0100] "OPTIONS * HTTP/1.0" 200 126 "-" "Apache/2.4.10 (Debian) (internal dummy connection)"
127.0.0.1 - - [03/Nov/2016:21:29:09 +0100] "OPTIONS * HTTP/1.0" 200 126 "-" "Apache/2.4.10 (Debian) (internal dummy connection)"
127.0.0.1 - - [03/Nov/2016:21:29:11 +0100] "OPTIONS * HTTP/1.0" 200 126 "-" "Apache/2.4.10 (Debian) (internal dummy connection)"
127.0.0.1 - - [03/Nov/2016:21:29:12 +0100] "OPTIONS * HTTP/1.0" 200 126 "-" "Apache/2.4.10 (Debian) (internal dummy connection)"
127.0.0.1 - - [03/Nov/2016:21:29:13 +0100] "OPTIONS * HTTP/1.0" 200 126 "-" "Apache/2.4.10 (Debian) (internal dummy connection)"
127.0.0.1 - - [03/Nov/2016:21:29:14 +0100] "OPTIONS * HTTP/1.0" 200 126 "-" "Apache/2.4.10 (Debian) (internal dummy connection)"
127.0.0.1 - - [03/Nov/2016:21:29:15 +0100] "OPTIONS * HTTP/1.0" 200 126 "-" "Apache/2.4.10 (Debian) (internal dummy connection)"
127.0.0.1 - - [03/Nov/2016:21:29:16 +0100] "OPTIONS * HTTP/1.0" 200 126 "-" "Apache/2.4.10 (Debian) (internal dummy connection)"
83.27.202.233 - - [03/Nov/2016:21:29:17 +0100] "GET / HTTP/1.1" 302 396 "-" "Mozilla/5.0 (X11; Ubuntu; Linux x86_64; rv:49.0) Gecko/20100101 Firefox/49.0"
83.27.202.233 - - [03/Nov/2016:21:29:17 +0100] "GET /user/security/login HTTP/1.1" 200 1847 "-" "Mozilla/5.0 (X11; Ubuntu; Linux x86_64; rv:49.0) Gecko/20100101 Firefox/49.0"
83.27.202.233 - - [03/Nov/2016:21:29:18 +0100] "GET /assets/14ab2009/authchoice.css HTTP/1.1" 200 669 "http://194.183.32.160/user/security/login" "Mozilla/5.0 (X11; Ubuntu; Linux x86_64; rv:49.0) Gecko/20100101 Firefox/49.0"
83.27.202.233 - - [03/Nov/2016:21:29:18 +0100] "GET /assets/ee7cc5b1/css/bootstrap.css HTTP/1.1" 200 21670 "http://194.183.32.160/user/security/login" "Mozilla/5.0 (X11; Ubuntu; Linux x86_64; rv:49.0) Gecko/20100101 Firefox/49.0"
83.27.202.233 - - [03/Nov/2016:21:29:18 +0100] "GET /assets/c2774297/yii.js HTTP/1.1" 200 5309 "http://194.183.32.160/user/security/login" "Mozilla/5.0 (X11; Ubuntu; Linux x86_64; rv:49.0) Gecko/20100101 Firefox/49.0"
83.27.202.233 - - [03/Nov/2016:21:29:18 +0100] "GET /assets/c2774297/yii.activeForm.js HTTP/1.1" 200 6819 "http://194.183.32.160/user/security/login" "Mozilla/5.0 (X11; Ubuntu; Linux x86_64; rv:49.0) Gecko/20100101 Firefox/49.0"
83.27.202.233 - - [03/Nov/2016:21:29:18 +0100] "GET /assets/14ab2009/authchoice.js HTTP/1.1" 200 1159 "http://194.183.32.160/user/security/login" "Mozilla/5.0 (X11; Ubuntu; Linux x86_64; rv:49.0) Gecko/20100101 Firefox/49.0"
83.27.202.233 - - [03/Nov/2016:21:29:18 +0100] "GET /assets/ee7cc5b1/js/bootstrap.js HTTP/1.1" 200 14798 "http://194.183.32.160/user/security/login" "Mozilla/5.0 (X11; Ubuntu; Linux x86_64; rv:49.0) Gecko/20100101 Firefox/49.0"
83.27.202.233 - - [03/Nov/2016:21:29:18 +0100] "GET /assets/ce75c57a/jquery.js HTTP/1.1" 200 77047 "http://194.183.32.160/user/security/login" "Mozilla/5.0 (X11; Ubuntu; Linux x86_64; rv:49.0) Gecko/20100101 Firefox/49.0"
127.0.0.1 - - [03/Nov/2016:21:29:24 +0100] "OPTIONS * HTTP/1.0" 200 126 "-" "Apache/2.4.10 (Debian) (internal dummy connection)"
83.27.202.233 - - [03/Nov/2016:21:30:12 +0100] "GET / HTTP/1.1" 302 396 "-" "Mozilla/5.0 (X11; Ubuntu; Linux x86_64; rv:49.0) Gecko/20100101 Firefox/49.0"
83.27.202.233 - - [03/Nov/2016:21:30:12 +0100] "GET /user/security/login HTTP/1.1" 200 1847 "-" "Mozilla/5.0 (X11; Ubuntu; Linux x86_64; rv:49.0) Gecko/20100101 Firefox/49.0"
83.27.202.233 - - [03/Nov/2016:21:30:12 +0100] "GET /assets/14ab2009/authchoice.css HTTP/1.1" 200 669 "http://194.183.32.160/user/security/login" "Mozilla/5.0 (X11; Ubuntu; Linux x86_64; rv:49.0) Gecko/20100101 Firefox/49.0"
83.27.202.233 - - [03/Nov/2016:21:30:12 +0100] "GET /assets/14ab2009/authchoice.js HTTP/1.1" 200 1159 "http://194.183.32.160/user/security/login" "Mozilla/5.0 (X11; Ubuntu; Linux x86_64; rv:49.0) Gecko/20100101 Firefox/49.0"
83.27.202.233 - - [03/Nov/2016:21:30:12 +0100] "GET /assets/ee7cc5b1/js/bootstrap.js HTTP/1.1" 200 14798 "http://194.183.32.160/user/security/login" "Mozilla/5.0 (X11; Ubuntu; Linux x86_64; rv:49.0) Gecko/20100101 Firefox/49.0"
83.27.202.233 - - [03/Nov/2016:21:30:12 +0100] "GET /assets/ee7cc5b1/css/bootstrap.css HTTP/1.1" 200 21669 "http://194.183.32.160/user/security/login" "Mozilla/5.0 (X11; Ubuntu; Linux x86_64; rv:49.0) Gecko/20100101 Firefox/49.0"
83.27.202.233 - - [03/Nov/2016:21:30:12 +0100] "GET /assets/c2774297/yii.js HTTP/1.1" 200 5309 "http://194.183.32.160/user/security/login" "Mozilla/5.0 (X11; Ubuntu; Linux x86_64; rv:49.0) Gecko/20100101 Firefox/49.0"
83.27.202.233 - - [03/Nov/2016:21:30:13 +0100] "GET /assets/c2774297/yii.activeForm.js HTTP/1.1" 200 6819 "http://194.183.32.160/user/security/login" "Mozilla/5.0 (X11; Ubuntu; Linux x86_64; rv:49.0) Gecko/20100101 Firefox/49.0"
83.27.202.233 - - [03/Nov/2016:21:30:12 +0100] "GET /assets/ce75c57a/jquery.js HTTP/1.1" 200 77047 "http://194.183.32.160/user/security/login" "Mozilla/5.0 (X11; Ubuntu; Linux x86_64; rv:49.0) Gecko/20100101 Firefox/49.0"
83.27.202.233 - - [03/Nov/2016:21:30:16 +0100] "GET / HTTP/1.1" 302 395 "-" "Mozilla/5.0 (X11; Ubuntu; Linux x86_64; rv:49.0) Gecko/20100101 Firefox/49.0"
83.27.202.233 - - [03/Nov/2016:21:30:16 +0100] "GET /user/security/login HTTP/1.1" 200 1846 "-" "Mozilla/5.0 (X11; Ubuntu; Linux x86_64; rv:49.0) Gecko/20100101 Firefox/49.0"
83.27.202.233 - - [03/Nov/2016:21:30:23 +0100] "GET / HTTP/1.1" 302 396 "-" "Mozilla/5.0 (X11; Ubuntu; Linux x86_64; rv:49.0) Gecko/20100101 Firefox/49.0"
83.27.202.233 - - [03/Nov/2016:21:30:23 +0100] "GET /user/security/login HTTP/1.1" 200 1850 "-" "Mozilla/5.0 (X11; Ubuntu; Linux x86_64; rv:49.0) Gecko/20100101 Firefox/49.0"
83.27.202.233 - - [03/Nov/2016:21:31:42 +0100] "GET / HTTP/1.1" 302 401 "-" "Mozilla/5.0 (X11; Ubuntu; Linux x86_64; rv:49.0) Gecko/20100101 Firefox/49.0"
83.27.202.233 - - [03/Nov/2016:21:31:43 +0100] "GET /user/security/login HTTP/1.1" 200 1850 "-" "Mozilla/5.0 (X11; Ubuntu; Linux x86_64; rv:49.0) Gecko/20100101 Firefox/49.0"
83.27.202.233 - - [03/Nov/2016:21:31:43 +0100] "GET /assets/14ab2009/authchoice.css HTTP/1.1" 200 669 "http://myapriary.dersen.pl/user/security/login" "Mozilla/5.0 (X11; Ubuntu; Linux x86_64; rv:49.0) Gecko/20100101 Firefox/49.0"
83.27.202.233 - - [03/Nov/2016:21:31:43 +0100] "GET /assets/ee7cc5b1/css/bootstrap.css HTTP/1.1" 200 21669 "http://myapriary.dersen.pl/user/security/login" "Mozilla/5.0 (X11; Ubuntu; Linux x86_64; rv:49.0) Gecko/20100101 Firefox/49.0"
83.27.202.233 - - [03/Nov/2016:21:31:43 +0100] "GET /assets/c2774297/yii.js HTTP/1.1" 200 5309 "http://myapriary.dersen.pl/user/security/login" "Mozilla/5.0 (X11; Ubuntu; Linux x86_64; rv:49.0) Gecko/20100101 Firefox/49.0"
83.27.202.233 - - [03/Nov/2016:21:31:43 +0100] "GET /assets/c2774297/yii.activeForm.js HTTP/1.1" 200 6819 "http://myapriary.dersen.pl/user/security/login" "Mozilla/5.0 (X11; Ubuntu; Linux x86_64; rv:49.0) Gecko/20100101 Firefox/49.0"
83.27.202.233 - - [03/Nov/2016:21:31:43 +0100] "GET /assets/14ab2009/authchoice.js HTTP/1.1" 200 1159 "http://myapriary.dersen.pl/user/security/login" "Mozilla/5.0 (X11; Ubuntu; Linux x86_64; rv:49.0) Gecko/20100101 Firefox/49.0"
83.27.202.233 - - [03/Nov/2016:21:31:43 +0100] "GET /assets/ee7cc5b1/js/bootstrap.js HTTP/1.1" 200 14798 "http://myapriary.dersen.pl/user/security/login" "Mozilla/5.0 (X11; Ubuntu; Linux x86_64; rv:49.0) Gecko/20100101 Firefox/49.0"
83.27.202.233 - - [03/Nov/2016:21:31:43 +0100] "GET /assets/ce75c57a/jquery.js HTTP/1.1" 200 77048 "http://myapriary.dersen.pl/user/security/login" "Mozilla/5.0 (X11; Ubuntu; Linux x86_64; rv:49.0) Gecko/20100101 Firefox/49.0"
83.27.202.233 - - [03/Nov/2016:21:31:43 +0100] "GET /assets/ee7cc5b1/fonts/glyphicons-halflings-regular.woff2 HTTP/1.1" 304 181 "http://myapriary.dersen.pl/assets/ee7cc5b1/css/bootstrap.css" "Mozilla/5.0 (X11; Ubuntu; Linux x86_64; rv:49.0) Gecko/20100101 Firefox/49.0"
83.27.202.233 - - [03/Nov/2016:21:31:47 +0100] "GET /admin HTTP/1.1" 302 406 "-" "Mozilla/5.0 (X11; Ubuntu; Linux x86_64; rv:49.0) Gecko/20100101 Firefox/49.0"
83.27.202.233 - - [03/Nov/2016:21:31:48 +0100] "GET /admin/user/security/login HTTP/1.1" 200 1831 "-" "Mozilla/5.0 (X11; Ubuntu; Linux x86_64; rv:49.0) Gecko/20100101 Firefox/49.0"
83.27.202.233 - - [03/Nov/2016:21:31:48 +0100] "GET /admin/assets/14ab2009/authchoice.css HTTP/1.1" 200 669 "http://myapriary.dersen.pl/admin/user/security/login" "Mozilla/5.0 (X11; Ubuntu; Linux x86_64; rv:49.0) Gecko/20100101 Firefox/49.0"
83.27.202.233 - - [03/Nov/2016:21:31:48 +0100] "GET /admin/assets/ee7cc5b1/css/bootstrap.css HTTP/1.1" 200 21669 "http://myapriary.dersen.pl/admin/user/security/login" "Mozilla/5.0 (X11; Ubuntu; Linux x86_64; rv:49.0) Gecko/20100101 Firefox/49.0"
83.27.202.233 - - [03/Nov/2016:21:31:48 +0100] "GET /admin/assets/c2774297/yii.js HTTP/1.1" 200 5308 "http://myapriary.dersen.pl/admin/user/security/login" "Mozilla/5.0 (X11; Ubuntu; Linux x86_64; rv:49.0) Gecko/20100101 Firefox/49.0"
83.27.202.233 - - [03/Nov/2016:21:31:48 +0100] "GET /admin/assets/c2774297/yii.activeForm.js HTTP/1.1" 200 6818 "http://myapriary.dersen.pl/admin/user/security/login" "Mozilla/5.0 (X11; Ubuntu; Linux x86_64; rv:49.0) Gecko/20100101 Firefox/49.0"
83.27.202.233 - - [03/Nov/2016:21:31:48 +0100] "GET /admin/assets/14ab2009/authchoice.js HTTP/1.1" 200 1158 "http://myapriary.dersen.pl/admin/user/security/login" "Mozilla/5.0 (X11; Ubuntu; Linux x86_64; rv:49.0) Gecko/20100101 Firefox/49.0"
83.27.202.233 - - [03/Nov/2016:21:31:48 +0100] "GET /admin/assets/ee7cc5b1/js/bootstrap.js HTTP/1.1" 200 14797 "http://myapriary.dersen.pl/admin/user/security/login" "Mozilla/5.0 (X11; Ubuntu; Linux x86_64; rv:49.0) Gecko/20100101 Firefox/49.0"
83.27.202.233 - - [03/Nov/2016:21:31:48 +0100] "GET /admin/css/site.css HTTP/1.1" 200 1070 "http://myapriary.dersen.pl/admin/user/security/login" "Mozilla/5.0 (X11; Ubuntu; Linux x86_64; rv:49.0) Gecko/20100101 Firefox/49.0"
83.27.202.233 - - [03/Nov/2016:21:31:48 +0100] "GET /admin/assets/ce75c57a/jquery.js HTTP/1.1" 200 77047 "http://myapriary.dersen.pl/admin/user/security/login" "Mozilla/5.0 (X11; Ubuntu; Linux x86_64; rv:49.0) Gecko/20100101 Firefox/49.0"
83.27.202.233 - - [03/Nov/2016:21:31:48 +0100] "GET /admin/assets/ee7cc5b1/fonts/glyphicons-halflings-regular.woff2 HTTP/1.1" 200 18290 "http://myapriary.dersen.pl/admin/assets/ee7cc5b1/css/bootstrap.css" "Mozilla/5.0 (X11; Ubuntu; Linux x86_64; rv:49.0) Gecko/20100101 Firefox/49.0"
127.0.0.1 - - [03/Nov/2016:21:31:54 +0100] "OPTIONS * HTTP/1.0" 200 126 "-" "Apache/2.4.10 (Debian) (internal dummy connection)"
127.0.0.1 - - [03/Nov/2016:21:35:01 +0100] "OPTIONS * HTTP/1.0" 200 126 "-" "Apache/2.4.10 (Debian) (internal dummy connection)"
127.0.0.1 - - [03/Nov/2016:21:35:02 +0100] "OPTIONS * HTTP/1.0" 200 126 "-" "Apache/2.4.10 (Debian) (internal dummy connection)"
89.68.68.200 - - [03/Nov/2016:21:44:52 +0100] "GET / HTTP/1.1" 302 401 "-" "Mozilla/5.0 (Windows NT 10.0; WOW64; rv:49.0) Gecko/20100101 Firefox/49.0"
89.68.68.200 - - [03/Nov/2016:21:44:52 +0100] "GET /user/security/login HTTP/1.1" 200 1849 "-" "Mozilla/5.0 (Windows NT 10.0; WOW64; rv:49.0) Gecko/20100101 Firefox/49.0"
89.68.68.200 - - [03/Nov/2016:21:44:52 +0100] "GET /assets/14ab2009/authchoice.css HTTP/1.1" 200 669 "http://myapriary.mirrim.eu/user/security/login" "Mozilla/5.0 (Windows NT 10.0; WOW64; rv:49.0) Gecko/20100101 Firefox/49.0"
89.68.68.200 - - [03/Nov/2016:21:44:52 +0100] "GET /assets/14ab2009/authchoice.js HTTP/1.1" 200 1159 "http://myapriary.mirrim.eu/user/security/login" "Mozilla/5.0 (Windows NT 10.0; WOW64; rv:49.0) Gecko/20100101 Firefox/49.0"
89.68.68.200 - - [03/Nov/2016:21:44:52 +0100] "GET /assets/c2774297/yii.activeForm.js HTTP/1.1" 200 6819 "http://myapriary.mirrim.eu/user/security/login" "Mozilla/5.0 (Windows NT 10.0; WOW64; rv:49.0) Gecko/20100101 Firefox/49.0"
89.68.68.200 - - [03/Nov/2016:21:44:52 +0100] "GET /assets/ee7cc5b1/js/bootstrap.js HTTP/1.1" 200 14798 "http://myapriary.mirrim.eu/user/security/login" "Mozilla/5.0 (Windows NT 10.0; WOW64; rv:49.0) Gecko/20100101 Firefox/49.0"
89.68.68.200 - - [03/Nov/2016:21:44:52 +0100] "GET /assets/c2774297/yii.js HTTP/1.1" 200 5308 "http://myapriary.mirrim.eu/user/security/login" "Mozilla/5.0 (Windows NT 10.0; WOW64; rv:49.0) Gecko/20100101 Firefox/49.0"
89.68.68.200 - - [03/Nov/2016:21:44:52 +0100] "GET /assets/ee7cc5b1/css/bootstrap.css HTTP/1.1" 200 21670 "http://myapriary.mirrim.eu/user/security/login" "Mozilla/5.0 (Windows NT 10.0; WOW64; rv:49.0) Gecko/20100101 Firefox/49.0"
89.68.68.200 - - [03/Nov/2016:21:44:52 +0100] "GET /assets/ce75c57a/jquery.js HTTP/1.1" 200 77048 "http://myapriary.mirrim.eu/user/security/login" "Mozilla/5.0 (Windows NT 10.0; WOW64; rv:49.0) Gecko/20100101 Firefox/49.0"
89.68.68.200 - - [03/Nov/2016:21:44:53 +0100] "GET /assets/ee7cc5b1/fonts/glyphicons-halflings-regular.woff2 HTTP/1.1" 304 181 "http://myapriary.mirrim.eu/assets/ee7cc5b1/css/bootstrap.css" "Mozilla/5.0 (Windows NT 10.0; WOW64; rv:49.0) Gecko/20100101 Firefox/49.0"
127.0.0.1 - - [03/Nov/2016:21:44:58 +0100] "OPTIONS * HTTP/1.0" 200 126 "-" "Apache/2.4.10 (Debian) (internal dummy connection)"
83.27.202.233 - - [03/Nov/2016:21:44:58 +0100] "GET / HTTP/1.1" 302 401 "-" "Mozilla/5.0 (X11; Ubuntu; Linux x86_64; rv:49.0) Gecko/20100101 Firefox/49.0"
83.27.202.233 - - [03/Nov/2016:21:44:59 +0100] "GET /user/security/login HTTP/1.1" 200 1846 "-" "Mozilla/5.0 (X11; Ubuntu; Linux x86_64; rv:49.0) Gecko/20100101 Firefox/49.0"
83.27.202.233 - - [03/Nov/2016:21:44:59 +0100] "GET /assets/14ab2009/authchoice.css HTTP/1.1" 200 669 "http://myapriary.dersen.pl/user/security/login" "Mozilla/5.0 (X11; Ubuntu; Linux x86_64; rv:49.0) Gecko/20100101 Firefox/49.0"
83.27.202.233 - - [03/Nov/2016:21:44:59 +0100] "GET /assets/ee7cc5b1/css/bootstrap.css HTTP/1.1" 200 21669 "http://myapriary.dersen.pl/user/security/login" "Mozilla/5.0 (X11; Ubuntu; Linux x86_64; rv:49.0) Gecko/20100101 Firefox/49.0"
83.27.202.233 - - [03/Nov/2016:21:44:59 +0100] "GET /assets/c2774297/yii.js HTTP/1.1" 200 5309 "http://myapriary.dersen.pl/user/security/login" "Mozilla/5.0 (X11; Ubuntu; Linux x86_64; rv:49.0) Gecko/20100101 Firefox/49.0"
83.27.202.233 - - [03/Nov/2016:21:44:59 +0100] "GET /assets/14ab2009/authchoice.js HTTP/1.1" 200 1159 "http://myapriary.dersen.pl/user/security/login" "Mozilla/5.0 (X11; Ubuntu; Linux x86_64; rv:49.0) Gecko/20100101 Firefox/49.0"
83.27.202.233 - - [03/Nov/2016:21:44:59 +0100] "GET /assets/c2774297/yii.activeForm.js HTTP/1.1" 200 6819 "http://myapriary.dersen.pl/user/security/login" "Mozilla/5.0 (X11; Ubuntu; Linux x86_64; rv:49.0) Gecko/20100101 Firefox/49.0"
83.27.202.233 - - [03/Nov/2016:21:44:59 +0100] "GET /assets/ee7cc5b1/js/bootstrap.js HTTP/1.1" 200 14798 "http://myapriary.dersen.pl/user/security/login" "Mozilla/5.0 (X11; Ubuntu; Linux x86_64; rv:49.0) Gecko/20100101 Firefox/49.0"
83.27.202.233 - - [03/Nov/2016:21:44:59 +0100] "GET /assets/ce75c57a/jquery.js HTTP/1.1" 200 77048 "http://myapriary.dersen.pl/user/security/login" "Mozilla/5.0 (X11; Ubuntu; Linux x86_64; rv:49.0) Gecko/20100101 Firefox/49.0"
83.27.202.233 - - [03/Nov/2016:21:44:59 +0100] "GET /assets/ee7cc5b1/fonts/glyphicons-halflings-regular.woff2 HTTP/1.1" 304 181 "http://myapriary.dersen.pl/assets/ee7cc5b1/css/bootstrap.css" "Mozilla/5.0 (X11; Ubuntu; Linux x86_64; rv:49.0) Gecko/20100101 Firefox/49.0"
127.0.0.1 - - [03/Nov/2016:21:45:05 +0100] "OPTIONS * HTTP/1.0" 200 126 "-" "Apache/2.4.10 (Debian) (internal dummy connection)"
89.68.68.200 - - [03/Nov/2016:21:45:10 +0100] "POST /user/security/login HTTP/1.1" 200 349 "http://myapriary.mirrim.eu/user/security/login" "Mozilla/5.0 (Windows NT 10.0; WOW64; rv:49.0) Gecko/20100101 Firefox/49.0"
89.68.68.200 - - [03/Nov/2016:21:45:11 +0100] "POST /user/security/login HTTP/1.1" 302 565 "http://myapriary.mirrim.eu/user/security/login" "Mozilla/5.0 (Windows NT 10.0; WOW64; rv:49.0) Gecko/20100101 Firefox/49.0"
89.68.68.200 - - [03/Nov/2016:21:45:11 +0100] "GET / HTTP/1.1" 200 1618 "http://myapriary.mirrim.eu/user/security/login" "Mozilla/5.0 (Windows NT 10.0; WOW64; rv:49.0) Gecko/20100101 Firefox/49.0"
83.27.202.233 - - [03/Nov/2016:21:45:24 +0100] "POST /user/security/login HTTP/1.1" 200 349 "http://myapriary.dersen.pl/user/security/login" "Mozilla/5.0 (X11; Ubuntu; Linux x86_64; rv:49.0) Gecko/20100101 Firefox/49.0"
83.27.202.233 - - [03/Nov/2016:21:45:24 +0100] "POST /user/security/login HTTP/1.1" 302 565 "http://myapriary.dersen.pl/user/security/login" "Mozilla/5.0 (X11; Ubuntu; Linux x86_64; rv:49.0) Gecko/20100101 Firefox/49.0"
83.27.202.233 - - [03/Nov/2016:21:45:24 +0100] "GET / HTTP/1.1" 200 1617 "http://myapriary.dersen.pl/user/security/login" "Mozilla/5.0 (X11; Ubuntu; Linux x86_64; rv:49.0) Gecko/20100101 Firefox/49.0"
83.27.202.233 - - [03/Nov/2016:21:45:36 +0100] "POST /user/security/logout HTTP/1.1" 302 642 "http://myapriary.dersen.pl/" "Mozilla/5.0 (X11; Ubuntu; Linux x86_64; rv:49.0) Gecko/20100101 Firefox/49.0"
83.27.202.233 - - [03/Nov/2016:21:45:36 +0100] "GET / HTTP/1.1" 302 400 "http://myapriary.dersen.pl/" "Mozilla/5.0 (X11; Ubuntu; Linux x86_64; rv:49.0) Gecko/20100101 Firefox/49.0"
83.27.202.233 - - [03/Nov/2016:21:45:36 +0100] "GET /user/security/login HTTP/1.1" 200 1849 "http://myapriary.dersen.pl/" "Mozilla/5.0 (X11; Ubuntu; Linux x86_64; rv:49.0) Gecko/20100101 Firefox/49.0"
89.68.68.200 - - [03/Nov/2016:21:45:43 +0100] "GET /admin HTTP/1.1" 302 407 "-" "Mozilla/5.0 (Windows NT 10.0; WOW64; rv:49.0) Gecko/20100101 Firefox/49.0"
89.68.68.200 - - [03/Nov/2016:21:45:43 +0100] "GET /admin/user/security/login HTTP/1.1" 200 1829 "-" "Mozilla/5.0 (Windows NT 10.0; WOW64; rv:49.0) Gecko/20100101 Firefox/49.0"
89.68.68.200 - - [03/Nov/2016:21:45:43 +0100] "GET /admin/assets/14ab2009/authchoice.css HTTP/1.1" 200 669 "http://myapriary.mirrim.eu/admin/user/security/login" "Mozilla/5.0 (Windows NT 10.0; WOW64; rv:49.0) Gecko/20100101 Firefox/49.0"
89.68.68.200 - - [03/Nov/2016:21:45:43 +0100] "GET /admin/assets/c2774297/yii.activeForm.js HTTP/1.1" 200 6819 "http://myapriary.mirrim.eu/admin/user/security/login" "Mozilla/5.0 (Windows NT 10.0; WOW64; rv:49.0) Gecko/20100101 Firefox/49.0"
89.68.68.200 - - [03/Nov/2016:21:45:43 +0100] "GET /admin/assets/14ab2009/authchoice.js HTTP/1.1" 200 1159 "http://myapriary.mirrim.eu/admin/user/security/login" "Mozilla/5.0 (Windows NT 10.0; WOW64; rv:49.0) Gecko/20100101 Firefox/49.0"
89.68.68.200 - - [03/Nov/2016:21:45:43 +0100] "GET /admin/assets/ee7cc5b1/css/bootstrap.css HTTP/1.1" 200 21669 "http://myapriary.mirrim.eu/admin/user/security/login" "Mozilla/5.0 (Windows NT 10.0; WOW64; rv:49.0) Gecko/20100101 Firefox/49.0"
89.68.68.200 - - [03/Nov/2016:21:45:43 +0100] "GET /admin/assets/ee7cc5b1/js/bootstrap.js HTTP/1.1" 200 14798 "http://myapriary.mirrim.eu/admin/user/security/login" "Mozilla/5.0 (Windows NT 10.0; WOW64; rv:49.0) Gecko/20100101 Firefox/49.0"
89.68.68.200 - - [03/Nov/2016:21:45:43 +0100] "GET /admin/assets/c2774297/yii.js HTTP/1.1" 200 5309 "http://myapriary.mirrim.eu/admin/user/security/login" "Mozilla/5.0 (Windows NT 10.0; WOW64; rv:49.0) Gecko/20100101 Firefox/49.0"
89.68.68.200 - - [03/Nov/2016:21:45:43 +0100] "GET /admin/assets/ce75c57a/jquery.js HTTP/1.1" 200 77048 "http://myapriary.mirrim.eu/admin/user/security/login" "Mozilla/5.0 (Windows NT 10.0; WOW64; rv:49.0) Gecko/20100101 Firefox/49.0"
89.68.68.200 - - [03/Nov/2016:21:45:43 +0100] "GET /admin/assets/ee7cc5b1/fonts/glyphicons-halflings-regular.woff2 HTTP/1.1" 304 181 "http://myapriary.mirrim.eu/admin/assets/ee7cc5b1/css/bootstrap.css" "Mozilla/5.0 (Windows NT 10.0; WOW64; rv:49.0) Gecko/20100101 Firefox/49.0"
83.27.202.233 - - [03/Nov/2016:21:45:45 +0100] "GET /admin HTTP/1.1" 302 407 "-" "Mozilla/5.0 (X11; Ubuntu; Linux x86_64; rv:49.0) Gecko/20100101 Firefox/49.0"
83.27.202.233 - - [03/Nov/2016:21:45:45 +0100] "GET /admin/user/security/login HTTP/1.1" 200 1830 "-" "Mozilla/5.0 (X11; Ubuntu; Linux x86_64; rv:49.0) Gecko/20100101 Firefox/49.0"
83.27.202.233 - - [03/Nov/2016:21:45:46 +0100] "GET /admin/assets/14ab2009/authchoice.css HTTP/1.1" 200 669 "http://myapriary.dersen.pl/admin/user/security/login" "Mozilla/5.0 (X11; Ubuntu; Linux x86_64; rv:49.0) Gecko/20100101 Firefox/49.0"
83.27.202.233 - - [03/Nov/2016:21:45:46 +0100] "GET /admin/assets/ee7cc5b1/css/bootstrap.css HTTP/1.1" 200 21669 "http://myapriary.dersen.pl/admin/user/security/login" "Mozilla/5.0 (X11; Ubuntu; Linux x86_64; rv:49.0) Gecko/20100101 Firefox/49.0"
83.27.202.233 - - [03/Nov/2016:21:45:46 +0100] "GET /admin/assets/c2774297/yii.js HTTP/1.1" 200 5309 "http://myapriary.dersen.pl/admin/user/security/login" "Mozilla/5.0 (X11; Ubuntu; Linux x86_64; rv:49.0) Gecko/20100101 Firefox/49.0"
83.27.202.233 - - [03/Nov/2016:21:45:46 +0100] "GET /admin/assets/c2774297/yii.activeForm.js HTTP/1.1" 200 6819 "http://myapriary.dersen.pl/admin/user/security/login" "Mozilla/5.0 (X11; Ubuntu; Linux x86_64; rv:49.0) Gecko/20100101 Firefox/49.0"
83.27.202.233 - - [03/Nov/2016:21:45:46 +0100] "GET /admin/assets/14ab2009/authchoice.js HTTP/1.1" 200 1159 "http://myapriary.dersen.pl/admin/user/security/login" "Mozilla/5.0 (X11; Ubuntu; Linux x86_64; rv:49.0) Gecko/20100101 Firefox/49.0"
83.27.202.233 - - [03/Nov/2016:21:45:46 +0100] "GET /admin/assets/ee7cc5b1/js/bootstrap.js HTTP/1.1" 200 14798 "http://myapriary.dersen.pl/admin/user/security/login" "Mozilla/5.0 (X11; Ubuntu; Linux x86_64; rv:49.0) Gecko/20100101 Firefox/49.0"
83.27.202.233 - - [03/Nov/2016:21:45:46 +0100] "GET /admin/assets/ce75c57a/jquery.js HTTP/1.1" 200 77048 "http://myapriary.dersen.pl/admin/user/security/login" "Mozilla/5.0 (X11; Ubuntu; Linux x86_64; rv:49.0) Gecko/20100101 Firefox/49.0"
83.27.202.233 - - [03/Nov/2016:21:45:47 +0100] "GET /admin/assets/ee7cc5b1/fonts/glyphicons-halflings-regular.woff2 HTTP/1.1" 304 181 "http://myapriary.dersen.pl/admin/assets/ee7cc5b1/css/bootstrap.css" "Mozilla/5.0 (X11; Ubuntu; Linux x86_64; rv:49.0) Gecko/20100101 Firefox/49.0"
127.0.0.1 - - [03/Nov/2016:21:45:49 +0100] "OPTIONS * HTTP/1.0" 200 126 "-" "Apache/2.4.10 (Debian) (internal dummy connection)"
127.0.0.1 - - [03/Nov/2016:21:45:50 +0100] "OPTIONS * HTTP/1.0" 200 126 "-" "Apache/2.4.10 (Debian) (internal dummy connection)"
127.0.0.1 - - [03/Nov/2016:21:45:52 +0100] "OPTIONS * HTTP/1.0" 200 126 "-" "Apache/2.4.10 (Debian) (internal dummy connection)"
83.27.202.233 - - [03/Nov/2016:21:45:52 +0100] "POST /admin/user/security/login HTTP/1.1" 200 349 "http://myapriary.dersen.pl/admin/user/security/login" "Mozilla/5.0 (X11; Ubuntu; Linux x86_64; rv:49.0) Gecko/20100101 Firefox/49.0"
83.27.202.233 - - [03/Nov/2016:21:45:52 +0100] "POST /admin/user/security/login HTTP/1.1" 302 578 "http://myapriary.dersen.pl/admin/user/security/login" "Mozilla/5.0 (X11; Ubuntu; Linux x86_64; rv:49.0) Gecko/20100101 Firefox/49.0"
83.27.202.233 - - [03/Nov/2016:21:45:53 +0100] "GET /admin HTTP/1.1" 200 1605 "http://myapriary.dersen.pl/admin/user/security/login" "Mozilla/5.0 (X11; Ubuntu; Linux x86_64; rv:49.0) Gecko/20100101 Firefox/49.0"
127.0.0.1 - - [03/Nov/2016:21:45:53 +0100] "OPTIONS * HTTP/1.0" 200 126 "-" "Apache/2.4.10 (Debian) (internal dummy connection)"
127.0.0.1 - - [03/Nov/2016:21:45:54 +0100] "OPTIONS * HTTP/1.0" 200 126 "-" "Apache/2.4.10 (Debian) (internal dummy connection)"
127.0.0.1 - - [03/Nov/2016:21:45:55 +0100] "OPTIONS * HTTP/1.0" 200 126 "-" "Apache/2.4.10 (Debian) (internal dummy connection)"
127.0.0.1 - - [03/Nov/2016:21:45:56 +0100] "OPTIONS * HTTP/1.0" 200 126 "-" "Apache/2.4.10 (Debian) (internal dummy connection)"
127.0.0.1 - - [03/Nov/2016:21:45:58 +0100] "OPTIONS * HTTP/1.0" 200 126 "-" "Apache/2.4.10 (Debian) (internal dummy connection)"
89.68.68.200 - - [03/Nov/2016:21:45:58 +0100] "POST /admin/user/security/login HTTP/1.1" 200 349 "http://myapriary.mirrim.eu/admin/user/security/login" "Mozilla/5.0 (Windows NT 10.0; WOW64; rv:49.0) Gecko/20100101 Firefox/49.0"
89.68.68.200 - - [03/Nov/2016:21:45:58 +0100] "POST /admin/user/security/login HTTP/1.1" 302 578 "http://myapriary.mirrim.eu/admin/user/security/login" "Mozilla/5.0 (Windows NT 10.0; WOW64; rv:49.0) Gecko/20100101 Firefox/49.0"
89.68.68.200 - - [03/Nov/2016:21:45:59 +0100] "GET /admin HTTP/1.1" 200 1603 "http://myapriary.mirrim.eu/admin/user/security/login" "Mozilla/5.0 (Windows NT 10.0; WOW64; rv:49.0) Gecko/20100101 Firefox/49.0"
89.68.68.200 - - [03/Nov/2016:21:46:10 +0100] "GET /admin/user/admin HTTP/1.1" 200 2162 "-" "Mozilla/5.0 (Windows NT 10.0; WOW64; rv:49.0) Gecko/20100101 Firefox/49.0"
89.68.68.200 - - [03/Nov/2016:21:46:11 +0100] "GET /admin/assets/c2774297/yii.gridView.js HTTP/1.1" 200 2334 "http://myapriary.mirrim.eu/admin/user/admin" "Mozilla/5.0 (Windows NT 10.0; WOW64; rv:49.0) Gecko/20100101 Firefox/49.0"
89.68.68.200 - - [03/Nov/2016:21:46:11 +0100] "GET /admin/assets/87c69e47/jquery.pjax.js HTTP/1.1" 200 9291 "http://myapriary.mirrim.eu/admin/user/admin" "Mozilla/5.0 (Windows NT 10.0; WOW64; rv:49.0) Gecko/20100101 Firefox/49.0"
83.27.202.233 - - [03/Nov/2016:21:46:11 +0100] "GET /admin/user/admin HTTP/1.1" 200 2162 "-" "Mozilla/5.0 (X11; Ubuntu; Linux x86_64; rv:49.0) Gecko/20100101 Firefox/49.0"
83.27.202.233 - - [03/Nov/2016:21:46:11 +0100] "GET /admin/assets/c2774297/yii.gridView.js HTTP/1.1" 200 2334 "http://myapriary.dersen.pl/admin/user/admin" "Mozilla/5.0 (X11; Ubuntu; Linux x86_64; rv:49.0) Gecko/20100101 Firefox/49.0"
