83.27.202.233 - - [03/Nov/2016:21:46:11 +0100] "GET /admin/assets/87c69e47/jquery.pjax.js HTTP/1.1" 200 9290 "http://myapriary.dersen.pl/admin/user/admin" "Mozilla/5.0 (X11; Ubuntu; Linux x86_64; rv:49.0) Gecko/20100101 Firefox/49.0"
83.27.202.233 - - [03/Nov/2016:21:46:16 +0100] "GET /admin/rbac/role/index HTTP/1.1" 200 2339 "http://myapriary.dersen.pl/admin/user/admin" "Mozilla/5.0 (X11; Ubuntu; Linux x86_64; rv:49.0) Gecko/20100101 Firefox/49.0"
83.27.202.233 - - [03/Nov/2016:21:46:17 +0100] "GET /admin/assets/b94acb7b/css/select2.css HTTP/1.1" 200 1195 "http://myapriary.dersen.pl/admin/rbac/role/index" "Mozilla/5.0 (X11; Ubuntu; Linux x86_64; rv:49.0) Gecko/20100101 Firefox/49.0"
83.27.202.233 - - [03/Nov/2016:21:46:17 +0100] "GET /admin/assets/b94acb7b/css/select2-addl.css HTTP/1.1" 200 804 "http://myapriary.dersen.pl/admin/rbac/role/index" "Mozilla/5.0 (X11; Ubuntu; Linux x86_64; rv:49.0) Gecko/20100101 Firefox/49.0"
83.27.202.233 - - [03/Nov/2016:21:46:17 +0100] "GET /admin/assets/b94acb7b/css/select2-krajee.css HTTP/1.1" 200 3212 "http://myapriary.dersen.pl/admin/rbac/role/index" "Mozilla/5.0 (X11; Ubuntu; Linux x86_64; rv:49.0) Gecko/20100101 Firefox/49.0"
83.27.202.233 - - [03/Nov/2016:21:46:17 +0100] "GET /admin/assets/24e63741/css/kv-widgets.css HTTP/1.1" 200 748 "http://myapriary.dersen.pl/admin/rbac/role/index" "Mozilla/5.0 (X11; Ubuntu; Linux x86_64; rv:49.0) Gecko/20100101 Firefox/49.0"
83.27.202.233 - - [03/Nov/2016:21:46:17 +0100] "GET /admin/assets/b94acb7b/js/select2-krajee.js HTTP/1.1" 200 2147 "http://myapriary.dersen.pl/admin/rbac/role/index" "Mozilla/5.0 (X11; Ubuntu; Linux x86_64; rv:49.0) Gecko/20100101 Firefox/49.0"
83.27.202.233 - - [03/Nov/2016:21:46:17 +0100] "GET /admin/assets/b94acb7b/js/select2.full.js HTTP/1.1" 200 36334 "http://myapriary.dersen.pl/admin/rbac/role/index" "Mozilla/5.0 (X11; Ubuntu; Linux x86_64; rv:49.0) Gecko/20100101 Firefox/49.0"
83.27.202.233 - - [03/Nov/2016:21:46:17 +0100] "GET /admin/assets/b94acb7b/js/i18n/pl.js HTTP/1.1" 200 853 "http://myapriary.dersen.pl/admin/rbac/role/index" "Mozilla/5.0 (X11; Ubuntu; Linux x86_64; rv:49.0) Gecko/20100101 Firefox/49.0"
83.27.202.233 - - [03/Nov/2016:21:46:17 +0100] "GET /admin/assets/24e63741/js/kv-widgets.js HTTP/1.1" 200 878 "http://myapriary.dersen.pl/admin/rbac/role/index" "Mozilla/5.0 (X11; Ubuntu; Linux x86_64; rv:49.0) Gecko/20100101 Firefox/49.0"
83.27.202.233 - - [03/Nov/2016:21:46:17 +0100] "GET /admin/assets/87c69e47/jquery.pjax.js HTTP/1.1" 200 9288 "http://myapriary.dersen.pl/admin/rbac/role/index" "Mozilla/5.0 (X11; Ubuntu; Linux x86_64; rv:49.0) Gecko/20100101 Firefox/49.0"
83.27.202.233 - - [03/Nov/2016:21:46:17 +0100] "GET /admin/assets/24e63741/img/loading-plugin.gif HTTP/1.1" 200 1133 "http://myapriary.dersen.pl/admin/assets/24e63741/css/kv-widgets.css" "Mozilla/5.0 (X11; Ubuntu; Linux x86_64; rv:49.0) Gecko/20100101 Firefox/49.0"
83.27.202.233 - - [03/Nov/2016:21:46:18 +0100] "GET /admin/rbac/permission/index HTTP/1.1" 200 2334 "http://myapriary.dersen.pl/admin/rbac/role/index" "Mozilla/5.0 (X11; Ubuntu; Linux x86_64; rv:49.0) Gecko/20100101 Firefox/49.0"
83.27.202.233 - - [03/Nov/2016:21:46:18 +0100] "GET /admin/assets/b94acb7b/css/select2.css HTTP/1.1" 200 1193 "http://myapriary.dersen.pl/admin/rbac/permission/index" "Mozilla/5.0 (X11; Ubuntu; Linux x86_64; rv:49.0) Gecko/20100101 Firefox/49.0"
83.27.202.233 - - [03/Nov/2016:21:46:18 +0100] "GET /admin/assets/b94acb7b/css/select2-addl.css HTTP/1.1" 200 802 "http://myapriary.dersen.pl/admin/rbac/permission/index" "Mozilla/5.0 (X11; Ubuntu; Linux x86_64; rv:49.0) Gecko/20100101 Firefox/49.0"
83.27.202.233 - - [03/Nov/2016:21:46:19 +0100] "GET /admin/assets/b94acb7b/css/select2-krajee.css HTTP/1.1" 200 3209 "http://myapriary.dersen.pl/admin/rbac/permission/index" "Mozilla/5.0 (X11; Ubuntu; Linux x86_64; rv:49.0) Gecko/20100101 Firefox/49.0"
83.27.202.233 - - [03/Nov/2016:21:46:19 +0100] "GET /admin/assets/24e63741/css/kv-widgets.css HTTP/1.1" 200 745 "http://myapriary.dersen.pl/admin/rbac/permission/index" "Mozilla/5.0 (X11; Ubuntu; Linux x86_64; rv:49.0) Gecko/20100101 Firefox/49.0"
83.27.202.233 - - [03/Nov/2016:21:46:19 +0100] "GET /admin/assets/b94acb7b/js/select2-krajee.js HTTP/1.1" 200 2144 "http://myapriary.dersen.pl/admin/rbac/permission/index" "Mozilla/5.0 (X11; Ubuntu; Linux x86_64; rv:49.0) Gecko/20100101 Firefox/49.0"
83.27.202.233 - - [03/Nov/2016:21:46:19 +0100] "GET /admin/assets/b94acb7b/js/select2.full.js HTTP/1.1" 200 36331 "http://myapriary.dersen.pl/admin/rbac/permission/index" "Mozilla/5.0 (X11; Ubuntu; Linux x86_64; rv:49.0) Gecko/20100101 Firefox/49.0"
83.27.202.233 - - [03/Nov/2016:21:46:19 +0100] "GET /admin/assets/b94acb7b/js/i18n/pl.js HTTP/1.1" 200 850 "http://myapriary.dersen.pl/admin/rbac/permission/index" "Mozilla/5.0 (X11; Ubuntu; Linux x86_64; rv:49.0) Gecko/20100101 Firefox/49.0"
83.27.202.233 - - [03/Nov/2016:21:46:19 +0100] "GET /admin/assets/24e63741/js/kv-widgets.js HTTP/1.1" 200 876 "http://myapriary.dersen.pl/admin/rbac/permission/index" "Mozilla/5.0 (X11; Ubuntu; Linux x86_64; rv:49.0) Gecko/20100101 Firefox/49.0"
83.27.202.233 - - [03/Nov/2016:21:46:19 +0100] "GET /admin/assets/87c69e47/jquery.pjax.js HTTP/1.1" 200 9288 "http://myapriary.dersen.pl/admin/rbac/permission/index" "Mozilla/5.0 (X11; Ubuntu; Linux x86_64; rv:49.0) Gecko/20100101 Firefox/49.0"
83.27.202.233 - - [03/Nov/2016:21:46:19 +0100] "GET /admin/assets/24e63741/img/loading-plugin.gif HTTP/1.1" 304 180 "http://myapriary.dersen.pl/admin/assets/24e63741/css/kv-widgets.css" "Mozilla/5.0 (X11; Ubuntu; Linux x86_64; rv:49.0) Gecko/20100101 Firefox/49.0"
83.27.202.233 - - [03/Nov/2016:21:46:20 +0100] "GET /admin/assets/b94acb7b/css/search.png HTTP/1.1" 200 553 "http://myapriary.dersen.pl/admin/assets/b94acb7b/css/select2-krajee.css" "Mozilla/5.0 (X11; Ubuntu; Linux x86_64; rv:49.0) Gecko/20100101 Firefox/49.0"
83.27.202.233 - - [03/Nov/2016:21:46:20 +0100] "GET /admin/assets/b94acb7b/css/loading.gif HTTP/1.1" 200 2022 "http://myapriary.dersen.pl/admin/assets/b94acb7b/css/select2-krajee.css" "Mozilla/5.0 (X11; Ubuntu; Linux x86_64; rv:49.0) Gecko/20100101 Firefox/49.0"
83.27.202.233 - - [03/Nov/2016:21:46:21 +0100] "GET /admin/rbac/rule/index HTTP/1.1" 200 2337 "http://myapriary.dersen.pl/admin/rbac/permission/index" "Mozilla/5.0 (X11; Ubuntu; Linux x86_64; rv:49.0) Gecko/20100101 Firefox/49.0"
83.27.202.233 - - [03/Nov/2016:21:46:22 +0100] "GET /admin/assets/b94acb7b/css/select2.css HTTP/1.1" 200 1193 "http://myapriary.dersen.pl/admin/rbac/rule/index" "Mozilla/5.0 (X11; Ubuntu; Linux x86_64; rv:49.0) Gecko/20100101 Firefox/49.0"
83.27.202.233 - - [03/Nov/2016:21:46:22 +0100] "GET /admin/assets/b94acb7b/css/select2-krajee.css HTTP/1.1" 200 3209 "http://myapriary.dersen.pl/admin/rbac/rule/index" "Mozilla/5.0 (X11; Ubuntu; Linux x86_64; rv:49.0) Gecko/20100101 Firefox/49.0"
83.27.202.233 - - [03/Nov/2016:21:46:22 +0100] "GET /admin/assets/b94acb7b/js/select2.full.js HTTP/1.1" 200 36331 "http://myapriary.dersen.pl/admin/rbac/rule/index" "Mozilla/5.0 (X11; Ubuntu; Linux x86_64; rv:49.0) Gecko/20100101 Firefox/49.0"
83.27.202.233 - - [03/Nov/2016:21:46:22 +0100] "GET /admin/assets/b94acb7b/js/select2-krajee.js HTTP/1.1" 200 2144 "http://myapriary.dersen.pl/admin/rbac/rule/index" "Mozilla/5.0 (X11; Ubuntu; Linux x86_64; rv:49.0) Gecko/20100101 Firefox/49.0"
83.27.202.233 - - [03/Nov/2016:21:46:22 +0100] "GET /admin/assets/b94acb7b/js/i18n/pl.js HTTP/1.1" 200 850 "http://myapriary.dersen.pl/admin/rbac/rule/index" "Mozilla/5.0 (X11; Ubuntu; Linux x86_64; rv:49.0) Gecko/20100101 Firefox/49.0"
83.27.202.233 - - [03/Nov/2016:21:46:22 +0100] "GET /admin/assets/24e63741/js/kv-widgets.js HTTP/1.1" 200 876 "http://myapriary.dersen.pl/admin/rbac/rule/index" "Mozilla/5.0 (X11; Ubuntu; Linux x86_64; rv:49.0) Gecko/20100101 Firefox/49.0"
83.27.202.233 - - [03/Nov/2016:21:46:22 +0100] "GET /admin/assets/b94acb7b/css/select2-addl.css HTTP/1.1" 200 802 "http://myapriary.dersen.pl/admin/rbac/rule/index" "Mozilla/5.0 (X11; Ubuntu; Linux x86_64; rv:49.0) Gecko/20100101 Firefox/49.0"
83.27.202.233 - - [03/Nov/2016:21:46:22 +0100] "GET /admin/assets/24e63741/css/kv-widgets.css HTTP/1.1" 200 745 "http://myapriary.dersen.pl/admin/rbac/rule/index" "Mozilla/5.0 (X11; Ubuntu; Linux x86_64; rv:49.0) Gecko/20100101 Firefox/49.0"
83.27.202.233 - - [03/Nov/2016:21:46:22 +0100] "GET /admin/assets/87c69e47/jquery.pjax.js HTTP/1.1" 200 9288 "http://myapriary.dersen.pl/admin/rbac/rule/index" "Mozilla/5.0 (X11; Ubuntu; Linux x86_64; rv:49.0) Gecko/20100101 Firefox/49.0"
83.27.202.233 - - [03/Nov/2016:21:46:23 +0100] "GET /admin/assets/24e63741/img/loading-plugin.gif HTTP/1.1" 304 180 "http://myapriary.dersen.pl/admin/assets/24e63741/css/kv-widgets.css" "Mozilla/5.0 (X11; Ubuntu; Linux x86_64; rv:49.0) Gecko/20100101 Firefox/49.0"
83.27.202.233 - - [03/Nov/2016:21:46:24 +0100] "GET /admin/assets/b94acb7b/css/search.png HTTP/1.1" 304 180 "http://myapriary.dersen.pl/admin/assets/b94acb7b/css/select2-krajee.css" "Mozilla/5.0 (X11; Ubuntu; Linux x86_64; rv:49.0) Gecko/20100101 Firefox/49.0"
83.27.202.233 - - [03/Nov/2016:21:46:24 +0100] "GET /admin/assets/b94acb7b/css/loading.gif HTTP/1.1" 304 180 "http://myapriary.dersen.pl/admin/assets/b94acb7b/css/select2-krajee.css" "Mozilla/5.0 (X11; Ubuntu; Linux x86_64; rv:49.0) Gecko/20100101 Firefox/49.0"
83.27.202.233 - - [03/Nov/2016:21:46:24 +0100] "GET /admin/rbac/rule/search HTTP/1.1" 200 361 "http://myapriary.dersen.pl/admin/rbac/rule/index" "Mozilla/5.0 (X11; Ubuntu; Linux x86_64; rv:49.0) Gecko/20100101 Firefox/49.0"
83.27.202.233 - - [03/Nov/2016:21:46:26 +0100] "GET /admin/user/admin/index HTTP/1.1" 200 2162 "http://myapriary.dersen.pl/admin/rbac/rule/index" "Mozilla/5.0 (X11; Ubuntu; Linux x86_64; rv:49.0) Gecko/20100101 Firefox/49.0"
83.27.202.233 - - [03/Nov/2016:21:46:26 +0100] "GET /admin/assets/87c69e47/jquery.pjax.js HTTP/1.1" 200 9288 "http://myapriary.dersen.pl/admin/user/admin/index" "Mozilla/5.0 (X11; Ubuntu; Linux x86_64; rv:49.0) Gecko/20100101 Firefox/49.0"
127.0.0.1 - - [03/Nov/2016:21:46:32 +0100] "OPTIONS * HTTP/1.0" 200 126 "-" "Apache/2.4.10 (Debian) (internal dummy connection)"
83.27.202.233 - - [03/Nov/2016:21:46:33 +0100] "GET /admin/user/admin/update?id=1 HTTP/1.1" 200 2138 "http://myapriary.dersen.pl/admin/user/admin/index" "Mozilla/5.0 (X11; Ubuntu; Linux x86_64; rv:49.0) Gecko/20100101 Firefox/49.0"
89.68.68.200 - - [03/Nov/2016:21:46:36 +0100] "GET /admin/user/admin/update?id=1 HTTP/1.1" 200 2138 "http://myapriary.mirrim.eu/admin/user/admin" "Mozilla/5.0 (Windows NT 10.0; WOW64; rv:49.0) Gecko/20100101 Firefox/49.0"
83.27.202.233 - - [03/Nov/2016:21:46:38 +0100] "GET /admin/user/admin/update-profile?id=1 HTTP/1.1" 200 2254 "http://myapriary.dersen.pl/admin/user/admin/update?id=1" "Mozilla/5.0 (X11; Ubuntu; Linux x86_64; rv:49.0) Gecko/20100101 Firefox/49.0"
89.68.68.200 - - [03/Nov/2016:21:46:39 +0100] "GET /admin/user/admin/update-profile?id=1 HTTP/1.1" 200 2255 "http://myapriary.mirrim.eu/admin/user/admin/update?id=1" "Mozilla/5.0 (Windows NT 10.0; WOW64; rv:49.0) Gecko/20100101 Firefox/49.0"
83.27.202.233 - - [03/Nov/2016:21:46:41 +0100] "GET /admin/user/admin/info?id=1 HTTP/1.1" 200 1810 "http://myapriary.dersen.pl/admin/user/admin/update-profile?id=1" "Mozilla/5.0 (X11; Ubuntu; Linux x86_64; rv:49.0) Gecko/20100101 Firefox/49.0"
89.68.68.200 - - [03/Nov/2016:21:46:42 +0100] "GET /admin/user/admin/info?id=1 HTTP/1.1" 200 1811 "http://myapriary.mirrim.eu/admin/user/admin/update-profile?id=1" "Mozilla/5.0 (Windows NT 10.0; WOW64; rv:49.0) Gecko/20100101 Firefox/49.0"
89.68.68.200 - - [03/Nov/2016:21:46:43 +0100] "GET /admin/user/admin/assignments?id=1 HTTP/1.1" 200 2488 "http://myapriary.mirrim.eu/admin/user/admin/info?id=1" "Mozilla/5.0 (Windows NT 10.0; WOW64; rv:49.0) Gecko/20100101 Firefox/49.0"
89.68.68.200 - - [03/Nov/2016:21:46:43 +0100] "GET /admin/assets/b94acb7b/css/select2.css HTTP/1.1" 200 1193 "http://myapriary.mirrim.eu/admin/user/admin/assignments?id=1" "Mozilla/5.0 (Windows NT 10.0; WOW64; rv:49.0) Gecko/20100101 Firefox/49.0"
89.68.68.200 - - [03/Nov/2016:21:46:43 +0100] "GET /admin/assets/b94acb7b/css/select2-addl.css HTTP/1.1" 200 803 "http://myapriary.mirrim.eu/admin/user/admin/assignments?id=1" "Mozilla/5.0 (Windows NT 10.0; WOW64; rv:49.0) Gecko/20100101 Firefox/49.0"
89.68.68.200 - - [03/Nov/2016:21:46:43 +0100] "GET /admin/assets/b94acb7b/css/select2-krajee.css HTTP/1.1" 200 3210 "http://myapriary.mirrim.eu/admin/user/admin/assignments?id=1" "Mozilla/5.0 (Windows NT 10.0; WOW64; rv:49.0) Gecko/20100101 Firefox/49.0"
89.68.68.200 - - [03/Nov/2016:21:46:43 +0100] "GET /admin/assets/24e63741/css/kv-widgets.css HTTP/1.1" 200 745 "http://myapriary.mirrim.eu/admin/user/admin/assignments?id=1" "Mozilla/5.0 (Windows NT 10.0; WOW64; rv:49.0) Gecko/20100101 Firefox/49.0"
89.68.68.200 - - [03/Nov/2016:21:46:43 +0100] "GET /admin/assets/b94acb7b/js/select2-krajee.js HTTP/1.1" 200 2145 "http://myapriary.mirrim.eu/admin/user/admin/assignments?id=1" "Mozilla/5.0 (Windows NT 10.0; WOW64; rv:49.0) Gecko/20100101 Firefox/49.0"
89.68.68.200 - - [03/Nov/2016:21:46:43 +0100] "GET /admin/assets/b94acb7b/js/i18n/pl.js HTTP/1.1" 200 851 "http://myapriary.mirrim.eu/admin/user/admin/assignments?id=1" "Mozilla/5.0 (Windows NT 10.0; WOW64; rv:49.0) Gecko/20100101 Firefox/49.0"
89.68.68.200 - - [03/Nov/2016:21:46:43 +0100] "GET /admin/assets/b94acb7b/js/select2.full.js HTTP/1.1" 200 36332 "http://myapriary.mirrim.eu/admin/user/admin/assignments?id=1" "Mozilla/5.0 (Windows NT 10.0; WOW64; rv:49.0) Gecko/20100101 Firefox/49.0"
89.68.68.200 - - [03/Nov/2016:21:46:43 +0100] "GET /admin/assets/24e63741/js/kv-widgets.js HTTP/1.1" 200 876 "http://myapriary.mirrim.eu/admin/user/admin/assignments?id=1" "Mozilla/5.0 (Windows NT 10.0; WOW64; rv:49.0) Gecko/20100101 Firefox/49.0"
89.68.68.200 - - [03/Nov/2016:21:46:43 +0100] "GET /admin/assets/24e63741/img/loading-plugin.gif HTTP/1.1" 200 1131 "http://myapriary.mirrim.eu/admin/assets/24e63741/css/kv-widgets.css" "Mozilla/5.0 (Windows NT 10.0; WOW64; rv:49.0) Gecko/20100101 Firefox/49.0"
83.27.202.233 - - [03/Nov/2016:21:46:45 +0100] "GET /admin/user/admin/assignments?id=1 HTTP/1.1" 200 2488 "http://myapriary.dersen.pl/admin/user/admin/info?id=1" "Mozilla/5.0 (X11; Ubuntu; Linux x86_64; rv:49.0) Gecko/20100101 Firefox/49.0"
83.27.202.233 - - [03/Nov/2016:21:46:46 +0100] "GET /admin/assets/b94acb7b/css/select2.css HTTP/1.1" 200 1193 "http://myapriary.dersen.pl/admin/user/admin/assignments?id=1" "Mozilla/5.0 (X11; Ubuntu; Linux x86_64; rv:49.0) Gecko/20100101 Firefox/49.0"
83.27.202.233 - - [03/Nov/2016:21:46:46 +0100] "GET /admin/assets/b94acb7b/css/select2-addl.css HTTP/1.1" 200 802 "http://myapriary.dersen.pl/admin/user/admin/assignments?id=1" "Mozilla/5.0 (X11; Ubuntu; Linux x86_64; rv:49.0) Gecko/20100101 Firefox/49.0"
83.27.202.233 - - [03/Nov/2016:21:46:46 +0100] "GET /admin/assets/b94acb7b/css/select2-krajee.css HTTP/1.1" 200 3210 "http://myapriary.dersen.pl/admin/user/admin/assignments?id=1" "Mozilla/5.0 (X11; Ubuntu; Linux x86_64; rv:49.0) Gecko/20100101 Firefox/49.0"
83.27.202.233 - - [03/Nov/2016:21:46:46 +0100] "GET /admin/assets/24e63741/css/kv-widgets.css HTTP/1.1" 200 746 "http://myapriary.dersen.pl/admin/user/admin/assignments?id=1" "Mozilla/5.0 (X11; Ubuntu; Linux x86_64; rv:49.0) Gecko/20100101 Firefox/49.0"
83.27.202.233 - - [03/Nov/2016:21:46:46 +0100] "GET /admin/assets/b94acb7b/js/select2.full.js HTTP/1.1" 200 36332 "http://myapriary.dersen.pl/admin/user/admin/assignments?id=1" "Mozilla/5.0 (X11; Ubuntu; Linux x86_64; rv:49.0) Gecko/20100101 Firefox/49.0"
83.27.202.233 - - [03/Nov/2016:21:46:46 +0100] "GET /admin/assets/b94acb7b/js/select2-krajee.js HTTP/1.1" 200 2145 "http://myapriary.dersen.pl/admin/user/admin/assignments?id=1" "Mozilla/5.0 (X11; Ubuntu; Linux x86_64; rv:49.0) Gecko/20100101 Firefox/49.0"
83.27.202.233 - - [03/Nov/2016:21:46:46 +0100] "GET /admin/assets/b94acb7b/js/i18n/pl.js HTTP/1.1" 200 851 "http://myapriary.dersen.pl/admin/user/admin/assignments?id=1" "Mozilla/5.0 (X11; Ubuntu; Linux x86_64; rv:49.0) Gecko/20100101 Firefox/49.0"
83.27.202.233 - - [03/Nov/2016:21:46:46 +0100] "GET /admin/assets/24e63741/js/kv-widgets.js HTTP/1.1" 200 876 "http://myapriary.dersen.pl/admin/user/admin/assignments?id=1" "Mozilla/5.0 (X11; Ubuntu; Linux x86_64; rv:49.0) Gecko/20100101 Firefox/49.0"
83.27.202.233 - - [03/Nov/2016:21:46:46 +0100] "GET /admin/assets/24e63741/img/loading-plugin.gif HTTP/1.1" 304 180 "http://myapriary.dersen.pl/admin/assets/24e63741/css/kv-widgets.css" "Mozilla/5.0 (X11; Ubuntu; Linux x86_64; rv:49.0) Gecko/20100101 Firefox/49.0"
127.0.0.1 - - [03/Nov/2016:21:46:49 +0100] "OPTIONS * HTTP/1.0" 200 126 "-" "Apache/2.4.10 (Debian) (internal dummy connection)"
83.27.202.233 - - [03/Nov/2016:21:46:50 +0100] "GET /admin/user/admin/update-profile?id=1 HTTP/1.1" 200 2255 "http://myapriary.dersen.pl/admin/user/admin/assignments?id=1" "Mozilla/5.0 (X11; Ubuntu; Linux x86_64; rv:49.0) Gecko/20100101 Firefox/49.0"
127.0.0.1 - - [03/Nov/2016:21:46:51 +0100] "OPTIONS * HTTP/1.0" 200 126 "-" "Apache/2.4.10 (Debian) (internal dummy connection)"
127.0.0.1 - - [03/Nov/2016:21:46:52 +0100] "OPTIONS * HTTP/1.0" 200 126 "-" "Apache/2.4.10 (Debian) (internal dummy connection)"
83.27.202.233 - - [03/Nov/2016:21:46:53 +0100] "GET /admin/rbac/role/index HTTP/1.1" 200 2338 "http://myapriary.dersen.pl/admin/user/admin/update-profile?id=1" "Mozilla/5.0 (X11; Ubuntu; Linux x86_64; rv:49.0) Gecko/20100101 Firefox/49.0"
83.27.202.233 - - [03/Nov/2016:21:46:53 +0100] "GET /admin/assets/b94acb7b/css/select2.css HTTP/1.1" 200 1193 "http://myapriary.dersen.pl/admin/rbac/role/index" "Mozilla/5.0 (X11; Ubuntu; Linux x86_64; rv:49.0) Gecko/20100101 Firefox/49.0"
127.0.0.1 - - [03/Nov/2016:21:46:53 +0100] "OPTIONS * HTTP/1.0" 200 126 "-" "Apache/2.4.10 (Debian) (internal dummy connection)"
83.27.202.233 - - [03/Nov/2016:21:46:53 +0100] "GET /admin/assets/b94acb7b/css/select2-addl.css HTTP/1.1" 200 802 "http://myapriary.dersen.pl/admin/rbac/role/index" "Mozilla/5.0 (X11; Ubuntu; Linux x86_64; rv:49.0) Gecko/20100101 Firefox/49.0"
83.27.202.233 - - [03/Nov/2016:21:46:53 +0100] "GET /admin/assets/b94acb7b/css/select2-krajee.css HTTP/1.1" 200 3210 "http://myapriary.dersen.pl/admin/rbac/role/index" "Mozilla/5.0 (X11; Ubuntu; Linux x86_64; rv:49.0) Gecko/20100101 Firefox/49.0"
83.27.202.233 - - [03/Nov/2016:21:46:53 +0100] "GET /admin/assets/24e63741/css/kv-widgets.css HTTP/1.1" 200 746 "http://myapriary.dersen.pl/admin/rbac/role/index" "Mozilla/5.0 (X11; Ubuntu; Linux x86_64; rv:49.0) Gecko/20100101 Firefox/49.0"
83.27.202.233 - - [03/Nov/2016:21:46:53 +0100] "GET /admin/assets/b94acb7b/js/select2.full.js HTTP/1.1" 200 36332 "http://myapriary.dersen.pl/admin/rbac/role/index" "Mozilla/5.0 (X11; Ubuntu; Linux x86_64; rv:49.0) Gecko/20100101 Firefox/49.0"
83.27.202.233 - - [03/Nov/2016:21:46:53 +0100] "GET /admin/assets/b94acb7b/js/select2-krajee.js HTTP/1.1" 200 2145 "http://myapriary.dersen.pl/admin/rbac/role/index" "Mozilla/5.0 (X11; Ubuntu; Linux x86_64; rv:49.0) Gecko/20100101 Firefox/49.0"
83.27.202.233 - - [03/Nov/2016:21:46:53 +0100] "GET /admin/assets/b94acb7b/js/i18n/pl.js HTTP/1.1" 200 851 "http://myapriary.dersen.pl/admin/rbac/role/index" "Mozilla/5.0 (X11; Ubuntu; Linux x86_64; rv:49.0) Gecko/20100101 Firefox/49.0"
83.27.202.233 - - [03/Nov/2016:21:46:53 +0100] "GET /admin/assets/24e63741/js/kv-widgets.js HTTP/1.1" 200 876 "http://myapriary.dersen.pl/admin/rbac/role/index" "Mozilla/5.0 (X11; Ubuntu; Linux x86_64; rv:49.0) Gecko/20100101 Firefox/49.0"
83.27.202.233 - - [03/Nov/2016:21:46:53 +0100] "GET /admin/assets/87c69e47/jquery.pjax.js HTTP/1.1" 200 9288 "http://myapriary.dersen.pl/admin/rbac/role/index" "Mozilla/5.0 (X11; Ubuntu; Linux x86_64; rv:49.0) Gecko/20100101 Firefox/49.0"
83.27.202.233 - - [03/Nov/2016:21:46:53 +0100] "GET /admin/assets/24e63741/img/loading-plugin.gif HTTP/1.1" 304 180 "http://myapriary.dersen.pl/admin/assets/24e63741/css/kv-widgets.css" "Mozilla/5.0 (X11; Ubuntu; Linux x86_64; rv:49.0) Gecko/20100101 Firefox/49.0"
83.27.202.233 - - [03/Nov/2016:21:46:55 +0100] "GET /admin/assets/b94acb7b/css/search.png HTTP/1.1" 304 180 "http://myapriary.dersen.pl/admin/assets/b94acb7b/css/select2-krajee.css" "Mozilla/5.0 (X11; Ubuntu; Linux x86_64; rv:49.0) Gecko/20100101 Firefox/49.0"
83.27.202.233 - - [03/Nov/2016:21:46:55 +0100] "GET /admin/assets/b94acb7b/css/loading.gif HTTP/1.1" 304 180 "http://myapriary.dersen.pl/admin/assets/b94acb7b/css/select2-krajee.css" "Mozilla/5.0 (X11; Ubuntu; Linux x86_64; rv:49.0) Gecko/20100101 Firefox/49.0"
89.68.68.200 - - [03/Nov/2016:21:46:56 +0100] "GET /admin/user/admin/index HTTP/1.1" 200 2164 "http://myapriary.mirrim.eu/admin/user/admin/assignments?id=1" "Mozilla/5.0 (Windows NT 10.0; WOW64; rv:49.0) Gecko/20100101 Firefox/49.0"
89.68.68.200 - - [03/Nov/2016:21:46:56 +0100] "GET /admin/assets/87c69e47/jquery.pjax.js HTTP/1.1" 200 9288 "http://myapriary.mirrim.eu/admin/user/admin/index" "Mozilla/5.0 (Windows NT 10.0; WOW64; rv:49.0) Gecko/20100101 Firefox/49.0"
83.27.202.233 - - [03/Nov/2016:21:46:59 +0100] "GET /admin/rbac/rule/index HTTP/1.1" 200 2335 "http://myapriary.dersen.pl/admin/rbac/role/index" "Mozilla/5.0 (X11; Ubuntu; Linux x86_64; rv:49.0) Gecko/20100101 Firefox/49.0"
83.27.202.233 - - [03/Nov/2016:21:46:59 +0100] "GET /admin/assets/b94acb7b/css/select2.css HTTP/1.1" 200 1193 "http://myapriary.dersen.pl/admin/rbac/rule/index" "Mozilla/5.0 (X11; Ubuntu; Linux x86_64; rv:49.0) Gecko/20100101 Firefox/49.0"
83.27.202.233 - - [03/Nov/2016:21:46:59 +0100] "GET /admin/assets/b94acb7b/css/select2-krajee.css HTTP/1.1" 200 3209 "http://myapriary.dersen.pl/admin/rbac/rule/index" "Mozilla/5.0 (X11; Ubuntu; Linux x86_64; rv:49.0) Gecko/20100101 Firefox/49.0"
83.27.202.233 - - [03/Nov/2016:21:46:59 +0100] "GET /admin/assets/24e63741/css/kv-widgets.css HTTP/1.1" 200 745 "http://myapriary.dersen.pl/admin/rbac/rule/index" "Mozilla/5.0 (X11; Ubuntu; Linux x86_64; rv:49.0) Gecko/20100101 Firefox/49.0"
83.27.202.233 - - [03/Nov/2016:21:46:59 +0100] "GET /admin/assets/b94acb7b/js/select2.full.js HTTP/1.1" 200 36332 "http://myapriary.dersen.pl/admin/rbac/rule/index" "Mozilla/5.0 (X11; Ubuntu; Linux x86_64; rv:49.0) Gecko/20100101 Firefox/49.0"
83.27.202.233 - - [03/Nov/2016:21:46:59 +0100] "GET /admin/assets/b94acb7b/js/select2-krajee.js HTTP/1.1" 200 2144 "http://myapriary.dersen.pl/admin/rbac/rule/index" "Mozilla/5.0 (X11; Ubuntu; Linux x86_64; rv:49.0) Gecko/20100101 Firefox/49.0"
83.27.202.233 - - [03/Nov/2016:21:46:59 +0100] "GET /admin/assets/b94acb7b/js/i18n/pl.js HTTP/1.1" 200 851 "http://myapriary.dersen.pl/admin/rbac/rule/index" "Mozilla/5.0 (X11; Ubuntu; Linux x86_64; rv:49.0) Gecko/20100101 Firefox/49.0"
83.27.202.233 - - [03/Nov/2016:21:46:59 +0100] "GET /admin/assets/24e63741/js/kv-widgets.js HTTP/1.1" 200 877 "http://myapriary.dersen.pl/admin/rbac/rule/index" "Mozilla/5.0 (X11; Ubuntu; Linux x86_64; rv:49.0) Gecko/20100101 Firefox/49.0"
83.27.202.233 - - [03/Nov/2016:21:46:59 +0100] "GET /admin/assets/87c69e47/jquery.pjax.js HTTP/1.1" 200 9289 "http://myapriary.dersen.pl/admin/rbac/rule/index" "Mozilla/5.0 (X11; Ubuntu; Linux x86_64; rv:49.0) Gecko/20100101 Firefox/49.0"
83.27.202.233 - - [03/Nov/2016:21:46:59 +0100] "GET /admin/assets/b94acb7b/css/select2-addl.css HTTP/1.1" 200 802 "http://myapriary.dersen.pl/admin/rbac/rule/index" "Mozilla/5.0 (X11; Ubuntu; Linux x86_64; rv:49.0) Gecko/20100101 Firefox/49.0"
83.27.202.233 - - [03/Nov/2016:21:47:00 +0100] "GET /admin/assets/24e63741/img/loading-plugin.gif HTTP/1.1" 304 180 "http://myapriary.dersen.pl/admin/assets/24e63741/css/kv-widgets.css" "Mozilla/5.0 (X11; Ubuntu; Linux x86_64; rv:49.0) Gecko/20100101 Firefox/49.0"
83.27.202.233 - - [03/Nov/2016:21:47:01 +0100] "GET /admin/rbac/role/create HTTP/1.1" 200 2498 "http://myapriary.dersen.pl/admin/rbac/rule/index" "Mozilla/5.0 (X11; Ubuntu; Linux x86_64; rv:49.0) Gecko/20100101 Firefox/49.0"
127.0.0.1 - - [03/Nov/2016:21:47:05 +0100] "OPTIONS * HTTP/1.0" 200 126 "-" "Apache/2.4.10 (Debian) (internal dummy connection)"
127.0.0.1 - - [03/Nov/2016:21:47:06 +0100] "OPTIONS * HTTP/1.0" 200 126 "-" "Apache/2.4.10 (Debian) (internal dummy connection)"
127.0.0.1 - - [03/Nov/2016:21:47:07 +0100] "OPTIONS * HTTP/1.0" 200 126 "-" "Apache/2.4.10 (Debian) (internal dummy connection)"
83.27.202.233 - - [03/Nov/2016:21:47:11 +0100] "GET /admin/rbac/rule/search HTTP/1.1" 200 362 "http://myapriary.dersen.pl/admin/rbac/role/create" "Mozilla/5.0 (X11; Ubuntu; Linux x86_64; rv:49.0) Gecko/20100101 Firefox/49.0"
83.27.202.233 - - [03/Nov/2016:21:47:11 +0100] "GET /admin/assets/b94acb7b/css/search.png HTTP/1.1" 304 181 "http://myapriary.dersen.pl/admin/assets/b94acb7b/css/select2-krajee.css" "Mozilla/5.0 (X11; Ubuntu; Linux x86_64; rv:49.0) Gecko/20100101 Firefox/49.0"
83.27.202.233 - - [03/Nov/2016:21:47:11 +0100] "GET /admin/assets/b94acb7b/css/loading.gif HTTP/1.1" 304 181 "http://myapriary.dersen.pl/admin/assets/b94acb7b/css/select2-krajee.css" "Mozilla/5.0 (X11; Ubuntu; Linux x86_64; rv:49.0) Gecko/20100101 Firefox/49.0"
83.27.202.233 - - [03/Nov/2016:21:47:30 +0100] "GET /admin HTTP/1.1" 200 1604 "-" "Mozilla/5.0 (X11; Ubuntu; Linux x86_64; rv:49.0) Gecko/20100101 Firefox/49.0"
83.27.202.233 - - [03/Nov/2016:21:47:34 +0100] "GET /admin/site/index HTTP/1.1" 200 1605 "http://myapriary.dersen.pl/admin" "Mozilla/5.0 (X11; Ubuntu; Linux x86_64; rv:49.0) Gecko/20100101 Firefox/49.0"
83.27.202.233 - - [03/Nov/2016:21:47:34 +0100] "GET /admin/assets/ee7cc5b1/css/bootstrap.css HTTP/1.1" 200 21669 "http://myapriary.dersen.pl/admin/site/index" "Mozilla/5.0 (X11; Ubuntu; Linux x86_64; rv:49.0) Gecko/20100101 Firefox/49.0"
83.27.202.233 - - [03/Nov/2016:21:47:34 +0100] "GET /admin/assets/c2774297/yii.js HTTP/1.1" 200 5309 "http://myapriary.dersen.pl/admin/site/index" "Mozilla/5.0 (X11; Ubuntu; Linux x86_64; rv:49.0) Gecko/20100101 Firefox/49.0"
83.27.202.233 - - [03/Nov/2016:21:47:34 +0100] "GET /admin/assets/ee7cc5b1/js/bootstrap.js HTTP/1.1" 200 14798 "http://myapriary.dersen.pl/admin/site/index" "Mozilla/5.0 (X11; Ubuntu; Linux x86_64; rv:49.0) Gecko/20100101 Firefox/49.0"
83.27.202.233 - - [03/Nov/2016:21:47:34 +0100] "GET /admin/assets/ce75c57a/jquery.js HTTP/1.1" 200 77048 "http://myapriary.dersen.pl/admin/site/index" "Mozilla/5.0 (X11; Ubuntu; Linux x86_64; rv:49.0) Gecko/20100101 Firefox/49.0"
83.27.202.233 - - [03/Nov/2016:21:47:45 +0100] "GET /admin/user/admin HTTP/1.1" 200 2166 "-" "Mozilla/5.0 (X11; Ubuntu; Linux x86_64; rv:49.0) Gecko/20100101 Firefox/49.0"
83.27.202.233 - - [03/Nov/2016:21:47:45 +0100] "GET /admin/assets/87c69e47/jquery.pjax.js HTTP/1.1" 200 9288 "http://myapriary.dersen.pl/admin/user/admin" "Mozilla/5.0 (X11; Ubuntu; Linux x86_64; rv:49.0) Gecko/20100101 Firefox/49.0"
83.27.202.233 - - [03/Nov/2016:21:47:48 +0100] "GET /admin/rbac/role/index HTTP/1.1" 200 2337 "http://myapriary.dersen.pl/admin/user/admin" "Mozilla/5.0 (X11; Ubuntu; Linux x86_64; rv:49.0) Gecko/20100101 Firefox/49.0"
83.27.202.233 - - [03/Nov/2016:21:47:49 +0100] "GET /admin/assets/b94acb7b/css/select2.css HTTP/1.1" 200 1193 "http://myapriary.dersen.pl/admin/rbac/role/index" "Mozilla/5.0 (X11; Ubuntu; Linux x86_64; rv:49.0) Gecko/20100101 Firefox/49.0"
83.27.202.233 - - [03/Nov/2016:21:47:49 +0100] "GET /admin/assets/b94acb7b/css/select2-addl.css HTTP/1.1" 200 802 "http://myapriary.dersen.pl/admin/rbac/role/index" "Mozilla/5.0 (X11; Ubuntu; Linux x86_64; rv:49.0) Gecko/20100101 Firefox/49.0"
83.27.202.233 - - [03/Nov/2016:21:47:49 +0100] "GET /admin/assets/b94acb7b/css/select2-krajee.css HTTP/1.1" 200 3210 "http://myapriary.dersen.pl/admin/rbac/role/index" "Mozilla/5.0 (X11; Ubuntu; Linux x86_64; rv:49.0) Gecko/20100101 Firefox/49.0"
83.27.202.233 - - [03/Nov/2016:21:47:49 +0100] "GET /admin/assets/24e63741/css/kv-widgets.css HTTP/1.1" 200 746 "http://myapriary.dersen.pl/admin/rbac/role/index" "Mozilla/5.0 (X11; Ubuntu; Linux x86_64; rv:49.0) Gecko/20100101 Firefox/49.0"
83.27.202.233 - - [03/Nov/2016:21:47:49 +0100] "GET /admin/assets/b94acb7b/js/select2.full.js HTTP/1.1" 200 36332 "http://myapriary.dersen.pl/admin/rbac/role/index" "Mozilla/5.0 (X11; Ubuntu; Linux x86_64; rv:49.0) Gecko/20100101 Firefox/49.0"
83.27.202.233 - - [03/Nov/2016:21:47:49 +0100] "GET /admin/assets/b94acb7b/js/select2-krajee.js HTTP/1.1" 200 2145 "http://myapriary.dersen.pl/admin/rbac/role/index" "Mozilla/5.0 (X11; Ubuntu; Linux x86_64; rv:49.0) Gecko/20100101 Firefox/49.0"
83.27.202.233 - - [03/Nov/2016:21:47:49 +0100] "GET /admin/assets/b94acb7b/js/i18n/pl.js HTTP/1.1" 200 851 "http://myapriary.dersen.pl/admin/rbac/role/index" "Mozilla/5.0 (X11; Ubuntu; Linux x86_64; rv:49.0) Gecko/20100101 Firefox/49.0"
83.27.202.233 - - [03/Nov/2016:21:47:49 +0100] "GET /admin/assets/24e63741/js/kv-widgets.js HTTP/1.1" 200 876 "http://myapriary.dersen.pl/admin/rbac/role/index" "Mozilla/5.0 (X11; Ubuntu; Linux x86_64; rv:49.0) Gecko/20100101 Firefox/49.0"
83.27.202.233 - - [03/Nov/2016:21:47:49 +0100] "GET /admin/assets/24e63741/img/loading-plugin.gif HTTP/1.1" 304 180 "http://myapriary.dersen.pl/admin/assets/24e63741/css/kv-widgets.css" "Mozilla/5.0 (X11; Ubuntu; Linux x86_64; rv:49.0) Gecko/20100101 Firefox/49.0"
127.0.0.1 - - [03/Nov/2016:21:47:55 +0100] "OPTIONS * HTTP/1.0" 200 126 "-" "Apache/2.4.10 (Debian) (internal dummy connection)"
89.68.68.200 - - [03/Nov/2016:21:52:36 +0100] "GET /admin/rbac/role/index HTTP/1.1" 200 2335 "http://myapriary.mirrim.eu/admin/user/admin/index" "Mozilla/5.0 (Windows NT 10.0; WOW64; rv:49.0) Gecko/20100101 Firefox/49.0"
89.68.68.200 - - [03/Nov/2016:21:52:36 +0100] "GET /admin/assets/ee7cc5b1/css/bootstrap.css HTTP/1.1" 200 21669 "http://myapriary.mirrim.eu/admin/rbac/role/index" "Mozilla/5.0 (Windows NT 10.0; WOW64; rv:49.0) Gecko/20100101 Firefox/49.0"
89.68.68.200 - - [03/Nov/2016:21:52:36 +0100] "GET /admin/assets/b94acb7b/css/select2-addl.css HTTP/1.1" 200 803 "http://myapriary.mirrim.eu/admin/rbac/role/index" "Mozilla/5.0 (Windows NT 10.0; WOW64; rv:49.0) Gecko/20100101 Firefox/49.0"
89.68.68.200 - - [03/Nov/2016:21:52:36 +0100] "GET /admin/assets/b94acb7b/css/select2.css HTTP/1.1" 200 1194 "http://myapriary.mirrim.eu/admin/rbac/role/index" "Mozilla/5.0 (Windows NT 10.0; WOW64; rv:49.0) Gecko/20100101 Firefox/49.0"
89.68.68.200 - - [03/Nov/2016:21:52:36 +0100] "GET /admin/assets/b94acb7b/css/select2-krajee.css HTTP/1.1" 200 3210 "http://myapriary.mirrim.eu/admin/rbac/role/index" "Mozilla/5.0 (Windows NT 10.0; WOW64; rv:49.0) Gecko/20100101 Firefox/49.0"
89.68.68.200 - - [03/Nov/2016:21:52:36 +0100] "GET /admin/assets/24e63741/css/kv-widgets.css HTTP/1.1" 200 746 "http://myapriary.mirrim.eu/admin/rbac/role/index" "Mozilla/5.0 (Windows NT 10.0; WOW64; rv:49.0) Gecko/20100101 Firefox/49.0"
89.68.68.200 - - [03/Nov/2016:21:52:36 +0100] "GET /admin/assets/b94acb7b/js/select2-krajee.js HTTP/1.1" 200 2144 "http://myapriary.mirrim.eu/admin/rbac/role/index" "Mozilla/5.0 (Windows NT 10.0; WOW64; rv:49.0) Gecko/20100101 Firefox/49.0"
89.68.68.200 - - [03/Nov/2016:21:52:36 +0100] "GET /admin/assets/b94acb7b/js/select2.full.js HTTP/1.1" 200 36331 "http://myapriary.mirrim.eu/admin/rbac/role/index" "Mozilla/5.0 (Windows NT 10.0; WOW64; rv:49.0) Gecko/20100101 Firefox/49.0"
89.68.68.200 - - [03/Nov/2016:21:52:36 +0100] "GET /admin/assets/24e63741/js/kv-widgets.js HTTP/1.1" 200 876 "http://myapriary.mirrim.eu/admin/rbac/role/index" "Mozilla/5.0 (Windows NT 10.0; WOW64; rv:49.0) Gecko/20100101 Firefox/49.0"
89.68.68.200 - - [03/Nov/2016:21:52:36 +0100] "GET /admin/assets/b94acb7b/js/i18n/pl.js HTTP/1.1" 200 850 "http://myapriary.mirrim.eu/admin/rbac/role/index" "Mozilla/5.0 (Windows NT 10.0; WOW64; rv:49.0) Gecko/20100101 Firefox/49.0"
89.68.68.200 - - [03/Nov/2016:21:52:36 +0100] "GET /admin/assets/c2774297/yii.js HTTP/1.1" 200 5308 "http://myapriary.mirrim.eu/admin/rbac/role/index" "Mozilla/5.0 (Windows NT 10.0; WOW64; rv:49.0) Gecko/20100101 Firefox/49.0"
89.68.68.200 - - [03/Nov/2016:21:52:36 +0100] "GET /admin/assets/c2774297/yii.gridView.js HTTP/1.1" 200 2334 "http://myapriary.mirrim.eu/admin/rbac/role/index" "Mozilla/5.0 (Windows NT 10.0; WOW64; rv:49.0) Gecko/20100101 Firefox/49.0"
89.68.68.200 - - [03/Nov/2016:21:52:36 +0100] "GET /admin/assets/87c69e47/jquery.pjax.js HTTP/1.1" 200 9288 "http://myapriary.mirrim.eu/admin/rbac/role/index" "Mozilla/5.0 (Windows NT 10.0; WOW64; rv:49.0) Gecko/20100101 Firefox/49.0"
89.68.68.200 - - [03/Nov/2016:21:52:36 +0100] "GET /admin/assets/ee7cc5b1/js/bootstrap.js HTTP/1.1" 200 14797 "http://myapriary.mirrim.eu/admin/rbac/role/index" "Mozilla/5.0 (Windows NT 10.0; WOW64; rv:49.0) Gecko/20100101 Firefox/49.0"
89.68.68.200 - - [03/Nov/2016:21:52:36 +0100] "GET /admin/assets/ce75c57a/jquery.js HTTP/1.1" 200 77048 "http://myapriary.mirrim.eu/admin/rbac/role/index" "Mozilla/5.0 (Windows NT 10.0; WOW64; rv:49.0) Gecko/20100101 Firefox/49.0"
89.68.68.200 - - [03/Nov/2016:21:52:36 +0100] "GET /admin/assets/24e63741/img/loading-plugin.gif HTTP/1.1" 304 180 "http://myapriary.mirrim.eu/admin/assets/24e63741/css/kv-widgets.css" "Mozilla/5.0 (Windows NT 10.0; WOW64; rv:49.0) Gecko/20100101 Firefox/49.0"
89.68.68.200 - - [03/Nov/2016:21:52:38 +0100] "GET /admin/rbac/permission/index HTTP/1.1" 200 2336 "http://myapriary.mirrim.eu/admin/rbac/role/index" "Mozilla/5.0 (Windows NT 10.0; WOW64; rv:49.0) Gecko/20100101 Firefox/49.0"
89.68.68.200 - - [03/Nov/2016:21:52:40 +0100] "GET /admin/rbac/rule/index HTTP/1.1" 200 2337 "http://myapriary.mirrim.eu/admin/rbac/permission/index" "Mozilla/5.0 (Windows NT 10.0; WOW64; rv:49.0) Gecko/20100101 Firefox/49.0"
89.68.68.200 - - [03/Nov/2016:21:52:43 +0100] "GET /admin/user/admin/create HTTP/1.1" 200 2126 "http://myapriary.mirrim.eu/admin/rbac/rule/index" "Mozilla/5.0 (Windows NT 10.0; WOW64; rv:49.0) Gecko/20100101 Firefox/49.0"
89.68.68.200 - - [03/Nov/2016:21:52:43 +0100] "GET /admin/assets/c2774297/yii.activeForm.js HTTP/1.1" 200 6818 "http://myapriary.mirrim.eu/admin/user/admin/create" "Mozilla/5.0 (Windows NT 10.0; WOW64; rv:49.0) Gecko/20100101 Firefox/49.0"
127.0.0.1 - - [03/Nov/2016:21:52:48 +0100] "OPTIONS * HTTP/1.0" 200 126 "-" "Apache/2.4.10 (Debian) (internal dummy connection)"
89.68.68.200 - - [03/Nov/2016:21:52:58 +0100] "GET /admin/site/index HTTP/1.1" 200 1603 "http://myapriary.mirrim.eu/admin/user/admin/create" "Mozilla/5.0 (Windows NT 10.0; WOW64; rv:49.0) Gecko/20100101 Firefox/49.0"
89.68.68.200 - - [03/Nov/2016:21:54:31 +0100] "POST /admin/user/security/logout HTTP/1.1" 302 659 "http://myapriary.mirrim.eu/admin/site/index" "Mozilla/5.0 (Windows NT 10.0; WOW64; rv:49.0) Gecko/20100101 Firefox/49.0"
89.68.68.200 - - [03/Nov/2016:21:54:31 +0100] "GET /admin HTTP/1.1" 302 406 "http://myapriary.mirrim.eu/admin/site/index" "Mozilla/5.0 (Windows NT 10.0; WOW64; rv:49.0) Gecko/20100101 Firefox/49.0"
89.68.68.200 - - [03/Nov/2016:21:54:31 +0100] "GET /admin/user/security/login HTTP/1.1" 200 1831 "http://myapriary.mirrim.eu/admin/site/index" "Mozilla/5.0 (Windows NT 10.0; WOW64; rv:49.0) Gecko/20100101 Firefox/49.0"
89.68.68.200 - - [03/Nov/2016:21:54:31 +0100] "GET /admin/assets/14ab2009/authchoice.css HTTP/1.1" 200 669 "http://myapriary.mirrim.eu/admin/user/security/login" "Mozilla/5.0 (Windows NT 10.0; WOW64; rv:49.0) Gecko/20100101 Firefox/49.0"
89.68.68.200 - - [03/Nov/2016:21:54:31 +0100] "GET /admin/assets/14ab2009/authchoice.js HTTP/1.1" 200 1158 "http://myapriary.mirrim.eu/admin/user/security/login" "Mozilla/5.0 (Windows NT 10.0; WOW64; rv:49.0) Gecko/20100101 Firefox/49.0"
89.68.68.200 - - [03/Nov/2016:21:54:31 +0100] "GET /admin/assets/ee7cc5b1/fonts/glyphicons-halflings-regular.woff2 HTTP/1.1" 304 181 "http://myapriary.mirrim.eu/admin/assets/ee7cc5b1/css/bootstrap.css" "Mozilla/5.0 (Windows NT 10.0; WOW64; rv:49.0) Gecko/20100101 Firefox/49.0"
89.68.68.200 - - [03/Nov/2016:21:54:35 +0100] "GET / HTTP/1.1" 200 1615 "-" "Mozilla/5.0 (Windows NT 10.0; WOW64; rv:49.0) Gecko/20100101 Firefox/49.0"
89.68.68.200 - - [03/Nov/2016:21:54:35 +0100] "GET /assets/ee7cc5b1/css/bootstrap.css HTTP/1.1" 200 21669 "http://myapriary.mirrim.eu/" "Mozilla/5.0 (Windows NT 10.0; WOW64; rv:49.0) Gecko/20100101 Firefox/49.0"
89.68.68.200 - - [03/Nov/2016:21:54:35 +0100] "GET /assets/c2774297/yii.js HTTP/1.1" 200 5309 "http://myapriary.mirrim.eu/" "Mozilla/5.0 (Windows NT 10.0; WOW64; rv:49.0) Gecko/20100101 Firefox/49.0"
89.68.68.200 - - [03/Nov/2016:21:54:35 +0100] "GET /assets/ee7cc5b1/js/bootstrap.js HTTP/1.1" 200 14798 "http://myapriary.mirrim.eu/" "Mozilla/5.0 (Windows NT 10.0; WOW64; rv:49.0) Gecko/20100101 Firefox/49.0"
89.68.68.200 - - [03/Nov/2016:21:54:35 +0100] "GET /assets/ce75c57a/jquery.js HTTP/1.1" 200 77047 "http://myapriary.mirrim.eu/" "Mozilla/5.0 (Windows NT 10.0; WOW64; rv:49.0) Gecko/20100101 Firefox/49.0"
89.68.68.200 - - [03/Nov/2016:21:54:38 +0100] "GET /site/about HTTP/1.1" 200 1317 "http://myapriary.mirrim.eu/" "Mozilla/5.0 (Windows NT 10.0; WOW64; rv:49.0) Gecko/20100101 Firefox/49.0"
89.68.68.200 - - [03/Nov/2016:21:54:38 +0100] "GET /assets/ee7cc5b1/fonts/glyphicons-halflings-regular.woff2 HTTP/1.1" 304 181 "http://myapriary.mirrim.eu/assets/ee7cc5b1/css/bootstrap.css" "Mozilla/5.0 (Windows NT 10.0; WOW64; rv:49.0) Gecko/20100101 Firefox/49.0"
89.68.68.200 - - [03/Nov/2016:21:54:40 +0100] "GET /site/contact HTTP/1.1" 200 2311 "http://myapriary.mirrim.eu/site/about" "Mozilla/5.0 (Windows NT 10.0; WOW64; rv:49.0) Gecko/20100101 Firefox/49.0"
89.68.68.200 - - [03/Nov/2016:21:54:40 +0100] "GET /site/captcha?v=581ba410a2890 HTTP/1.1" 200 2539 "http://myapriary.mirrim.eu/site/contact" "Mozilla/5.0 (Windows NT 10.0; WOW64; rv:49.0) Gecko/20100101 Firefox/49.0"
89.68.68.200 - - [03/Nov/2016:21:54:40 +0100] "GET /assets/c2774297/yii.validation.js HTTP/1.1" 200 3116 "http://myapriary.mirrim.eu/site/contact" "Mozilla/5.0 (Windows NT 10.0; WOW64; rv:49.0) Gecko/20100101 Firefox/49.0"
89.68.68.200 - - [03/Nov/2016:21:54:40 +0100] "GET /assets/c2774297/yii.captcha.js HTTP/1.1" 200 1101 "http://myapriary.mirrim.eu/site/contact" "Mozilla/5.0 (Windows NT 10.0; WOW64; rv:49.0) Gecko/20100101 Firefox/49.0"
89.68.68.200 - - [03/Nov/2016:21:54:40 +0100] "GET /assets/c2774297/yii.activeForm.js HTTP/1.1" 200 6819 "http://myapriary.mirrim.eu/site/contact" "Mozilla/5.0 (Windows NT 10.0; WOW64; rv:49.0) Gecko/20100101 Firefox/49.0"
89.68.68.200 - - [03/Nov/2016:21:54:45 +0100] "GET /site/index HTTP/1.1" 200 1617 "http://myapriary.mirrim.eu/site/contact" "Mozilla/5.0 (Windows NT 10.0; WOW64; rv:49.0) Gecko/20100101 Firefox/49.0"
89.68.68.200 - - [03/Nov/2016:21:54:46 +0100] "POST /user/security/logout HTTP/1.1" 302 641 "http://myapriary.mirrim.eu/site/index" "Mozilla/5.0 (Windows NT 10.0; WOW64; rv:49.0) Gecko/20100101 Firefox/49.0"
89.68.68.200 - - [03/Nov/2016:21:54:46 +0100] "GET / HTTP/1.1" 302 400 "http://myapriary.mirrim.eu/site/index" "Mozilla/5.0 (Windows NT 10.0; WOW64; rv:49.0) Gecko/20100101 Firefox/49.0"
89.68.68.200 - - [03/Nov/2016:21:54:46 +0100] "GET /user/security/login HTTP/1.1" 200 1848 "http://myapriary.mirrim.eu/site/index" "Mozilla/5.0 (Windows NT 10.0; WOW64; rv:49.0) Gecko/20100101 Firefox/49.0"
89.68.68.200 - - [03/Nov/2016:21:54:46 +0100] "GET /assets/14ab2009/authchoice.css HTTP/1.1" 200 669 "http://myapriary.mirrim.eu/user/security/login" "Mozilla/5.0 (Windows NT 10.0; WOW64; rv:49.0) Gecko/20100101 Firefox/49.0"
89.68.68.200 - - [03/Nov/2016:21:54:46 +0100] "GET /assets/14ab2009/authchoice.js HTTP/1.1" 200 1159 "http://myapriary.mirrim.eu/user/security/login" "Mozilla/5.0 (Windows NT 10.0; WOW64; rv:49.0) Gecko/20100101 Firefox/49.0"
89.68.68.200 - - [03/Nov/2016:21:54:50 +0100] "GET / HTTP/1.1" 302 400 "http://myapriary.mirrim.eu/user/security/login" "Mozilla/5.0 (Windows NT 10.0; WOW64; rv:49.0) Gecko/20100101 Firefox/49.0"
89.68.68.200 - - [03/Nov/2016:21:54:50 +0100] "GET /user/security/login HTTP/1.1" 200 1850 "http://myapriary.mirrim.eu/user/security/login" "Mozilla/5.0 (Windows NT 10.0; WOW64; rv:49.0) Gecko/20100101 Firefox/49.0"
83.27.202.233 - - [03/Nov/2016:21:58:57 +0100] "POST /admin/user/security/logout HTTP/1.1" 302 659 "http://myapriary.dersen.pl/admin/rbac/role/index" "Mozilla/5.0 (X11; Ubuntu; Linux x86_64; rv:49.0) Gecko/20100101 Firefox/49.0"
83.27.202.233 - - [03/Nov/2016:21:58:57 +0100] "GET /admin HTTP/1.1" 302 406 "http://myapriary.dersen.pl/admin/rbac/role/index" "Mozilla/5.0 (X11; Ubuntu; Linux x86_64; rv:49.0) Gecko/20100101 Firefox/49.0"
83.27.202.233 - - [03/Nov/2016:21:58:57 +0100] "GET /admin/user/security/login HTTP/1.1" 200 1829 "http://myapriary.dersen.pl/admin/rbac/role/index" "Mozilla/5.0 (X11; Ubuntu; Linux x86_64; rv:49.0) Gecko/20100101 Firefox/49.0"
83.27.202.233 - - [03/Nov/2016:21:58:58 +0100] "GET /admin/assets/c2774297/yii.activeForm.js HTTP/1.1" 200 6818 "http://myapriary.dersen.pl/admin/user/security/login" "Mozilla/5.0 (X11; Ubuntu; Linux x86_64; rv:49.0) Gecko/20100101 Firefox/49.0"
83.27.202.233 - - [03/Nov/2016:21:58:58 +0100] "GET /admin/assets/14ab2009/authchoice.css HTTP/1.1" 200 669 "http://myapriary.dersen.pl/admin/user/security/login" "Mozilla/5.0 (X11; Ubuntu; Linux x86_64; rv:49.0) Gecko/20100101 Firefox/49.0"
83.27.202.233 - - [03/Nov/2016:21:58:58 +0100] "GET /admin/assets/ee7cc5b1/css/bootstrap.css HTTP/1.1" 200 21669 "http://myapriary.dersen.pl/admin/user/security/login" "Mozilla/5.0 (X11; Ubuntu; Linux x86_64; rv:49.0) Gecko/20100101 Firefox/49.0"
83.27.202.233 - - [03/Nov/2016:21:58:58 +0100] "GET /admin/assets/c2774297/yii.js HTTP/1.1" 200 5309 "http://myapriary.dersen.pl/admin/user/security/login" "Mozilla/5.0 (X11; Ubuntu; Linux x86_64; rv:49.0) Gecko/20100101 Firefox/49.0"
83.27.202.233 - - [03/Nov/2016:21:58:58 +0100] "GET /admin/assets/14ab2009/authchoice.js HTTP/1.1" 200 1159 "http://myapriary.dersen.pl/admin/user/security/login" "Mozilla/5.0 (X11; Ubuntu; Linux x86_64; rv:49.0) Gecko/20100101 Firefox/49.0"
83.27.202.233 - - [03/Nov/2016:21:58:58 +0100] "GET /admin/assets/ee7cc5b1/js/bootstrap.js HTTP/1.1" 200 14798 "http://myapriary.dersen.pl/admin/user/security/login" "Mozilla/5.0 (X11; Ubuntu; Linux x86_64; rv:49.0) Gecko/20100101 Firefox/49.0"
83.27.202.233 - - [03/Nov/2016:21:58:58 +0100] "GET /admin/assets/ce75c57a/jquery.js HTTP/1.1" 200 77048 "http://myapriary.dersen.pl/admin/user/security/login" "Mozilla/5.0 (X11; Ubuntu; Linux x86_64; rv:49.0) Gecko/20100101 Firefox/49.0"
62.210.181.161 - - [04/Nov/2016:03:53:34 +0100] "HEAD /robots.txt HTTP/1.0" 200 262 "-" "-"
194.183.33.1 - - [04/Nov/2016:08:37:43 +0100] "GET / HTTP/1.1" 302 477 "-" "Mozilla/5.0 (X11; Ubuntu; Linux x86_64; rv:49.0) Gecko/20100101 Firefox/49.0"
194.183.33.1 - - [04/Nov/2016:08:37:43 +0100] "GET /user/security/login HTTP/1.1" 200 2072 "-" "Mozilla/5.0 (X11; Ubuntu; Linux x86_64; rv:49.0) Gecko/20100101 Firefox/49.0"
194.183.33.1 - - [04/Nov/2016:08:37:43 +0100] "GET /assets/14ab2009/authchoice.css HTTP/1.1" 200 669 "http://myapriary.dersen.pl/user/security/login" "Mozilla/5.0 (X11; Ubuntu; Linux x86_64; rv:49.0) Gecko/20100101 Firefox/49.0"
194.183.33.1 - - [04/Nov/2016:08:37:43 +0100] "GET /css/site.css HTTP/1.1" 200 1056 "http://myapriary.dersen.pl/user/security/login" "Mozilla/5.0 (X11; Ubuntu; Linux x86_64; rv:49.0) Gecko/20100101 Firefox/49.0"
194.183.33.1 - - [04/Nov/2016:08:37:43 +0100] "GET /assets/c2774297/yii.js HTTP/1.1" 200 5309 "http://myapriary.dersen.pl/user/security/login" "Mozilla/5.0 (X11; Ubuntu; Linux x86_64; rv:49.0) Gecko/20100101 Firefox/49.0"
194.183.33.1 - - [04/Nov/2016:08:37:43 +0100] "GET /assets/14ab2009/authchoice.js HTTP/1.1" 200 1159 "http://myapriary.dersen.pl/user/security/login" "Mozilla/5.0 (X11; Ubuntu; Linux x86_64; rv:49.0) Gecko/20100101 Firefox/49.0"
194.183.33.1 - - [04/Nov/2016:08:37:43 +0100] "GET /assets/ee7cc5b1/js/bootstrap.js HTTP/1.1" 200 14797 "http://myapriary.dersen.pl/user/security/login" "Mozilla/5.0 (X11; Ubuntu; Linux x86_64; rv:49.0) Gecko/20100101 Firefox/49.0"
194.183.33.1 - - [04/Nov/2016:08:37:43 +0100] "GET /assets/c2774297/yii.activeForm.js HTTP/1.1" 200 6818 "http://myapriary.dersen.pl/user/security/login" "Mozilla/5.0 (X11; Ubuntu; Linux x86_64; rv:49.0) Gecko/20100101 Firefox/49.0"
194.183.33.1 - - [04/Nov/2016:08:37:43 +0100] "GET /assets/ee7cc5b1/css/bootstrap.css HTTP/1.1" 200 21670 "http://myapriary.dersen.pl/user/security/login" "Mozilla/5.0 (X11; Ubuntu; Linux x86_64; rv:49.0) Gecko/20100101 Firefox/49.0"
194.183.33.1 - - [04/Nov/2016:08:37:43 +0100] "GET /assets/ce75c57a/jquery.js HTTP/1.1" 200 77048 "http://myapriary.dersen.pl/user/security/login" "Mozilla/5.0 (X11; Ubuntu; Linux x86_64; rv:49.0) Gecko/20100101 Firefox/49.0"
194.183.33.1 - - [04/Nov/2016:08:37:43 +0100] "GET /assets/ee7cc5b1/fonts/glyphicons-halflings-regular.woff2 HTTP/1.1" 304 181 "http://myapriary.dersen.pl/assets/ee7cc5b1/css/bootstrap.css" "Mozilla/5.0 (X11; Ubuntu; Linux x86_64; rv:49.0) Gecko/20100101 Firefox/49.0"
127.0.0.1 - - [04/Nov/2016:08:37:48 +0100] "OPTIONS * HTTP/1.0" 200 126 "-" "Apache/2.4.10 (Debian) (internal dummy connection)"
194.183.33.1 - - [04/Nov/2016:08:37:54 +0100] "POST /user/security/login HTTP/1.1" 200 407 "http://myapriary.dersen.pl/user/security/login" "Mozilla/5.0 (X11; Ubuntu; Linux x86_64; rv:49.0) Gecko/20100101 Firefox/49.0"
194.183.33.1 - - [04/Nov/2016:10:05:57 +0100] "GET / HTTP/1.1" 302 477 "-" "Mozilla/5.0 (X11; Ubuntu; Linux x86_64; rv:49.0) Gecko/20100101 Firefox/49.0"
194.183.33.1 - - [04/Nov/2016:10:05:57 +0100] "GET /user/security/login HTTP/1.1" 200 2072 "-" "Mozilla/5.0 (X11; Ubuntu; Linux x86_64; rv:49.0) Gecko/20100101 Firefox/49.0"
194.183.33.1 - - [04/Nov/2016:10:05:57 +0100] "GET /assets/14ab2009/authchoice.css HTTP/1.1" 200 669 "http://myapriary.mirrim.eu/user/security/login" "Mozilla/5.0 (X11; Ubuntu; Linux x86_64; rv:49.0) Gecko/20100101 Firefox/49.0"
194.183.33.1 - - [04/Nov/2016:10:05:57 +0100] "GET /css/site.css HTTP/1.1" 200 1056 "http://myapriary.mirrim.eu/user/security/login" "Mozilla/5.0 (X11; Ubuntu; Linux x86_64; rv:49.0) Gecko/20100101 Firefox/49.0"
194.183.33.1 - - [04/Nov/2016:10:05:57 +0100] "GET /assets/c2774297/yii.js HTTP/1.1" 200 5309 "http://myapriary.mirrim.eu/user/security/login" "Mozilla/5.0 (X11; Ubuntu; Linux x86_64; rv:49.0) Gecko/20100101 Firefox/49.0"
194.183.33.1 - - [04/Nov/2016:10:05:57 +0100] "GET /assets/c2774297/yii.activeForm.js HTTP/1.1" 200 6819 "http://myapriary.mirrim.eu/user/security/login" "Mozilla/5.0 (X11; Ubuntu; Linux x86_64; rv:49.0) Gecko/20100101 Firefox/49.0"
194.183.33.1 - - [04/Nov/2016:10:05:57 +0100] "GET /assets/14ab2009/authchoice.js HTTP/1.1" 200 1159 "http://myapriary.mirrim.eu/user/security/login" "Mozilla/5.0 (X11; Ubuntu; Linux x86_64; rv:49.0) Gecko/20100101 Firefox/49.0"
194.183.33.1 - - [04/Nov/2016:10:05:57 +0100] "GET /assets/ee7cc5b1/js/bootstrap.js HTTP/1.1" 200 14797 "http://myapriary.mirrim.eu/user/security/login" "Mozilla/5.0 (X11; Ubuntu; Linux x86_64; rv:49.0) Gecko/20100101 Firefox/49.0"
194.183.33.1 - - [04/Nov/2016:10:05:57 +0100] "GET /assets/ee7cc5b1/css/bootstrap.css HTTP/1.1" 200 21669 "http://myapriary.mirrim.eu/user/security/login" "Mozilla/5.0 (X11; Ubuntu; Linux x86_64; rv:49.0) Gecko/20100101 Firefox/49.0"
194.183.33.1 - - [04/Nov/2016:10:05:57 +0100] "GET /assets/ce75c57a/jquery.js HTTP/1.1" 200 77048 "http://myapriary.mirrim.eu/user/security/login" "Mozilla/5.0 (X11; Ubuntu; Linux x86_64; rv:49.0) Gecko/20100101 Firefox/49.0"
194.183.33.1 - - [04/Nov/2016:10:05:57 +0100] "GET /assets/ee7cc5b1/fonts/glyphicons-halflings-regular.woff2 HTTP/1.1" 304 181 "http://myapriary.mirrim.eu/assets/ee7cc5b1/css/bootstrap.css" "Mozilla/5.0 (X11; Ubuntu; Linux x86_64; rv:49.0) Gecko/20100101 Firefox/49.0"
194.183.33.1 - - [04/Nov/2016:10:05:58 +0100] "GET /favicon.ico HTTP/1.1" 200 617 "-" "Mozilla/5.0 (X11; Ubuntu; Linux x86_64; rv:49.0) Gecko/20100101 Firefox/49.0"
127.0.0.1 - - [04/Nov/2016:10:06:03 +0100] "OPTIONS * HTTP/1.0" 200 126 "-" "Apache/2.4.10 (Debian) (internal dummy connection)"
194.183.33.1 - - [04/Nov/2016:10:06:06 +0100] "POST /user/security/login HTTP/1.1" 200 407 "http://myapriary.mirrim.eu/user/security/login" "Mozilla/5.0 (X11; Ubuntu; Linux x86_64; rv:49.0) Gecko/20100101 Firefox/49.0"
192.241.99.82 - - [04/Nov/2016:11:11:22 +0100] "GET http://www.msftncsi.com/ncsi.txt HTTP/1.1" 404 2610 "-" "Mozilla/5.0 (Windows NT 5.1; rv:9.0.1) Gecko/20100101 Firefox/9.0.1"
125.64.94.200 - - [04/Nov/2016:13:32:37 +0100] "GET / HTTP/1.0" 302 440 "-" "-"
122.5.197.67 - - [04/Nov/2016:18:14:00 +0100] "GET http://saa.auto.sohu.com/ HTTP/1.1" 302 419 "http://saa.auto.sohu.com/" "Mozilla/5.0 (compatible; MSIE 9.0; Windows NT 6.1; Trident/5.0)"
122.5.197.67 - - [04/Nov/2016:18:14:01 +0100] "GET http://saa.auto.sohu.com/user/security/login HTTP/1.1" 200 4999 "http://saa.auto.sohu.com/" "Mozilla/5.0 (compatible; MSIE 9.0; Windows NT 6.1; Trident/5.0)"
122.5.197.67 - - [04/Nov/2016:18:14:02 +0100] "GET http://protect.changyou.com/ HTTP/1.1" 302 422 "http://protect.changyou.com/" "Mozilla/5.0 (compatible; MSIE 9.0; Windows NT 6.1; Trident/5.0)"
122.5.197.67 - - [04/Nov/2016:18:14:03 +0100] "GET http://protect.changyou.com/user/security/login HTTP/1.1" 200 4999 "http://protect.changyou.com/" "Mozilla/5.0 (compatible; MSIE 9.0; Windows NT 6.1; Trident/5.0)"
122.5.197.67 - - [04/Nov/2016:18:14:04 +0100] "GET http://www.lmbang.com/ HTTP/1.1" 302 416 "http://www.lmbang.com/" "Mozilla/5.0 (compatible; MSIE 9.0; Windows NT 6.1; Trident/5.0)"
122.5.197.67 - - [04/Nov/2016:18:14:05 +0100] "GET http://www.lmbang.com/user/security/login HTTP/1.1" 200 4999 "http://www.lmbang.com/" "Mozilla/5.0 (compatible; MSIE 9.0; Windows NT 6.1; Trident/5.0)"
116.193.152.124 - - [05/Nov/2016:00:08:21 +0100] "GET /cgi-bin/user/Config.cgi?.cab&action=get&category=Account.* HTTP/1.1" 400 0 "-" "-"
122.5.197.67 - - [05/Nov/2016:02:32:29 +0100] "GET http://www.10yan.com/ HTTP/1.1" 302 415 "http://www.10yan.com/" "Mozilla/5.0 (compatible; MSIE 9.0; Windows NT 6.1; Trident/5.0)"
